============================= test session starts =============================
platform win32 -- Python 3.14.3, pytest-9.0.2, pluggy-1.6.0
rootdir: D:\Projects\Synodic\Porringer
configfile: pyproject.toml
plugins: anyio-4.12.1, asyncio-1.3.0, cov-7.0.0, mock-3.15.1
asyncio: mode=Mode.AUTO, debug=False, asyncio_default_fixture_loop_scope=None, asyncio_default_test_loop_scope=function
collected 769 items

tests/integration/plugins/winget/test_environment.py::TestEnvironment::test_is_available PASSED [  0%]
tests/integration/test_bootstrap_presence.py::TestBootstrapPresence::test_all_manifest_sections_produce_results PASSED [  0%]
tests/integration/test_bootstrap_presence.py::TestBootstrapPresence::test_dry_run_actions_succeed PASSED [  0%]
tests/integration/test_bootstrap_presence.py::TestBootstrapPresence::test_skipped_actions_have_reason PASSED [  0%]
tests/integration/test_bootstrap_presence.py::TestBootstrapPresence::test_already_installed_skip_reason PASSED [  0%]
tests/integration/test_bootstrap_presence.py::TestBootstrapPresence::test_pipx_skipped_when_installed SKIPPED [  0%]
tests/integration/test_bootstrap_presence.py::TestBootstrapPresence::test_scm_action_present PASSED [  0%]
tests/integration/test_bootstrap_presence.py::TestBootstrapPresence::test_command_present PASSED [  1%]
tests/integration/test_example_bootstrap.py::TestBootstrapPreview::test_manifest_loads PASSED [  1%]
tests/integration/test_example_bootstrap.py::TestBootstrapPreview::test_runtime_action_present PASSED [  1%]
tests/integration/test_example_bootstrap.py::TestBootstrapPreview::test_package_actions_present PASSED [  1%]
tests/integration/test_example_bootstrap.py::TestBootstrapPreview::test_tool_actions_present PASSED [  1%]
tests/integration/test_example_bootstrap.py::TestBootstrapPreview::test_post_sync_command_present PASSED [  1%]
tests/integration/test_example_bootstrap.py::TestBootstrapPreview::test_scm_action_present PASSED [  1%]
tests/integration/test_example_bootstrap.py::TestBootstrapPreview::test_action_order_matches_phases PASSED [  1%]
tests/integration/test_example_presence.py::test_dev_deps_detected_as_present PASSED [  2%]
tests/integration/test_frozen_app_presence.py::TestPreresolvedRuntimePresence::test_package_phase_receives_seeded_runtime PASSED [  2%]
tests/integration/test_frozen_app_presence.py::TestPreresolvedRuntimePresence::test_dry_run_with_explicit_runtime_context PASSED [  2%]
tests/integration/test_frozen_app_presence.py::TestFrozenAppPresenceSimulation::test_dry_run_survives_frozen_sys_executable PASSED [  2%]
tests/unit/plugins/apt/test_environment.py::TestEnvironment::test_is_available_returns_true PASSED [  2%]
tests/unit/plugins/apt/test_environment.py::TestEnvironment::test_is_available_returns_false PASSED [  2%]
tests/unit/plugins/apt/test_environment.py::TestEnvironment::test_uninstall_command_returns_list PASSED [  2%]
tests/unit/plugins/brew/test_environment.py::TestEnvironment::test_is_available_returns_true PASSED [  2%]
tests/unit/plugins/brew/test_environment.py::TestEnvironment::test_is_available_returns_false PASSED [  3%]
tests/unit/plugins/brew/test_environment.py::TestEnvironment::test_uninstall_command_returns_list PASSED [  3%]
tests/unit/plugins/bun/test_environment.py::TestEnvironment::test_is_available_returns_true PASSED [  3%]
tests/unit/plugins/bun/test_environment.py::TestEnvironment::test_is_available_returns_false PASSED [  3%]
tests/unit/plugins/bun/test_environment.py::TestEnvironment::test_uninstall_command_returns_list PASSED [  3%]
tests/unit/plugins/bun_project/test_environment.py::TestEnvironment::test_is_available_returns_true PASSED [  3%]
tests/unit/plugins/bun_project/test_environment.py::TestEnvironment::test_is_available_returns_false PASSED [  3%]
tests/unit/plugins/bun_project/test_environment.py::TestEnvironment::test_sync_command_returns_list PASSED [  4%]
tests/unit/plugins/bun_project/test_environment.py::TestEnvironment::test_ecosystem_returns_string PASSED [  4%]
tests/unit/plugins/deno/test_environment.py::TestEnvironment::test_is_available_returns_true PASSED [  4%]
tests/unit/plugins/deno/test_environment.py::TestEnvironment::test_is_available_returns_false PASSED [  4%]
tests/unit/plugins/deno/test_environment.py::TestEnvironment::test_uninstall_command_returns_list PASSED [  4%]
tests/unit/plugins/deno_project/test_environment.py::TestEnvironment::test_is_available_returns_true PASSED [  4%]
tests/unit/plugins/deno_project/test_environment.py::TestEnvironment::test_is_available_returns_false PASSED [  4%]
tests/unit/plugins/deno_project/test_environment.py::TestEnvironment::test_sync_command_returns_list PASSED [  4%]
tests/unit/plugins/deno_project/test_environment.py::TestEnvironment::test_ecosystem_returns_string PASSED [  5%]
tests/unit/plugins/git/test_clone_detection.py::TestUrlsMatch::test_equivalent_urls[https://github.com/org/repo-https://github.com/org/repo] PASSED [  5%]
tests/unit/plugins/git/test_clone_detection.py::TestUrlsMatch::test_equivalent_urls[https://github.com/org/repo.git-https://github.com/org/repo] PASSED [  5%]
tests/unit/plugins/git/test_clone_detection.py::TestUrlsMatch::test_equivalent_urls[https://github.com/org/repo-https://github.com/org/repo.git] PASSED [  5%]
tests/unit/plugins/git/test_clone_detection.py::TestUrlsMatch::test_equivalent_urls[https://github.com/org/repo.git-https://github.com/org/repo.git] PASSED [  5%]
tests/unit/plugins/git/test_clone_detection.py::TestUrlsMatch::test_equivalent_urls[https://github.com/org/repo/-https://github.com/org/repo] PASSED [  5%]
tests/unit/plugins/git/test_clone_detection.py::TestUrlsMatch::test_equivalent_urls[https://github.com/org/repo.git/-https://github.com/org/repo] PASSED [  5%]
tests/unit/plugins/git/test_clone_detection.py::TestUrlsMatch::test_different_urls[https://github.com/org/repo-https://github.com/other/repo] PASSED [  5%]
tests/unit/plugins/git/test_clone_detection.py::TestUrlsMatch::test_different_urls[https://github.com/org/repo-https://gitlab.com/org/repo] PASSED [  6%]
tests/unit/plugins/git/test_clone_detection.py::TestUrlsMatch::test_different_urls[https://github.com/org/repo-http://github.com/org/repo] PASSED [  6%]
tests/unit/plugins/git/test_clone_detection.py::TestUrlsMatch::test_different_urls[https://github.com/org/repo-https://github.com/org/different] PASSED [  6%]
tests/unit/plugins/git/test_clone_detection.py::TestUrlsMatch::test_case_insensitive_host_and_path[https://github.com/Org/Repo-https://github.com/org/repo] PASSED [  6%]
tests/unit/plugins/git/test_clone_detection.py::TestUrlsMatch::test_case_insensitive_host_and_path[https://github.com/ORG/REPO.git-https://github.com/org/repo] PASSED [  6%]
tests/unit/plugins/git/test_clone_detection.py::TestUrlsMatch::test_case_insensitive_host_and_path[https://GitHub.COM/org/repo-https://github.com/org/repo] PASSED [  6%]
tests/unit/plugins/git/test_clone_detection.py::TestUrlsMatch::test_case_insensitive_host_and_path[https://github.com/Behemyth/periapsis-https://github.com/behemyth/periapsis] PASSED [  6%]
tests/unit/plugins/git/test_clone_detection.py::TestGetRemoteUrls::test_returns_all_fetch_urls PASSED [  7%]
tests/unit/plugins/git/test_clone_detection.py::TestGetRemoteUrls::test_returns_empty_dict_on_failure PASSED [  7%]
tests/unit/plugins/git/test_clone_detection.py::TestGetRemoteUrls::test_returns_empty_dict_on_missing_git PASSED [  7%]
tests/unit/plugins/git/test_clone_detection.py::TestGetRemoteUrls::test_single_remote PASSED [  7%]
tests/unit/plugins/git/test_clone_detection.py::TestFindRepoRoot::test_returns_root_when_inside_repo PASSED [  7%]
tests/unit/plugins/git/test_clone_detection.py::TestFindRepoRoot::test_returns_none_when_not_in_repo PASSED [  7%]
tests/unit/plugins/git/test_clone_detection.py::TestFindRepoRoot::test_returns_none_on_missing_git PASSED [  7%]
tests/unit/plugins/git/test_clone_detection.py::TestIsCloned::test_missing_when_no_repo_root PASSED [  7%]
tests/unit/plugins/git/test_clone_detection.py::TestIsCloned::test_cloned_when_origin_matches PASSED [  8%]
tests/unit/plugins/git/test_clone_detection.py::TestIsCloned::test_cloned_when_upstream_matches PASSED [  8%]
tests/unit/plugins/git/test_clone_detection.py::TestIsCloned::test_url_mismatch_when_no_remote_matches PASSED [  8%]
tests/unit/plugins/git/test_clone_detection.py::TestIsCloned::test_url_mismatch_when_no_remotes PASSED [  8%]
tests/unit/plugins/git/test_clone_detection.py::TestIsCloned::test_nested_manifest_uses_repo_root PASSED [  8%]
tests/unit/plugins/git/test_scm.py::TestGitScm::test_is_available_returns_true PASSED [  8%]
tests/unit/plugins/git/test_scm.py::TestGitScm::test_is_available_returns_false PASSED [  8%]
tests/unit/plugins/git/test_scm.py::TestGitScm::test_ecosystem_returns_string PASSED [  8%]
tests/unit/plugins/npm/test_environment.py::TestEnvironment::test_is_available_returns_true PASSED [  9%]
tests/unit/plugins/npm/test_environment.py::TestEnvironment::test_is_available_returns_false PASSED [  9%]
tests/unit/plugins/npm/test_environment.py::TestEnvironment::test_uninstall_command_returns_list PASSED [  9%]
tests/unit/plugins/npm_project/test_environment.py::TestEnvironment::test_is_available_returns_true PASSED [  9%]
tests/unit/plugins/npm_project/test_environment.py::TestEnvironment::test_is_available_returns_false PASSED [  9%]
tests/unit/plugins/npm_project/test_environment.py::TestEnvironment::test_sync_command_returns_list PASSED [  9%]
tests/unit/plugins/npm_project/test_environment.py::TestEnvironment::test_ecosystem_returns_string PASSED [  9%]
tests/unit/plugins/pdm/test_environment.py::TestEnvironment::test_is_available_returns_true PASSED [ 10%]
tests/unit/plugins/pdm/test_environment.py::TestEnvironment::test_is_available_returns_false PASSED [ 10%]
tests/unit/plugins/pdm/test_environment.py::TestEnvironment::test_sync_command_returns_list PASSED [ 10%]
tests/unit/plugins/pdm/test_environment.py::TestEnvironment::test_ecosystem_returns_string PASSED [ 10%]
tests/unit/plugins/pim/test_environment.py::TestPIMBasics::test_implements_runtime_provider PASSED [ 10%]
tests/unit/plugins/pim/test_environment.py::TestResolveExecutable::test_resolve_success PASSED [ 10%]
tests/unit/plugins/pim/test_environment.py::TestResolveExecutable::test_resolve_not_installed PASSED [ 10%]
tests/unit/plugins/pim/test_environment.py::TestResolveExecutable::test_resolve_py_missing PASSED [ 10%]
tests/unit/plugins/pim/test_environment.py::TestResolveExecutable::test_resolve_path_does_not_exist 
-------------------------------- live log call --------------------------------
WARNING  porringer.pim.resolve_executable:plugin.py:164 py -3.14 resolved to \bad\path\python but it does not exist
PASSED                                                                   [ 11%]
tests/unit/plugins/pim/test_environment.py::TestPIMEnvironmentUnit::test_is_available_returns_true PASSED [ 11%]
tests/unit/plugins/pim/test_environment.py::TestPIMEnvironmentUnit::test_is_available_returns_false PASSED [ 11%]
tests/unit/plugins/pim/test_environment.py::TestPIMEnvironmentUnit::test_uninstall_command_returns_list PASSED [ 11%]
tests/unit/plugins/pim/test_environment.py::TestPIMEnvironmentUnit::test_sort_tags_empty_returns_empty PASSED [ 11%]
tests/unit/plugins/pim/test_environment.py::TestPIMEnvironmentUnit::test_sort_tags_result_is_subset_of_input PASSED [ 11%]
tests/unit/plugins/pim/test_environment.py::TestPIMEnvironmentUnit::test_sort_tags_does_not_crash_on_garbage PASSED [ 11%]
tests/unit/plugins/pim/test_environment.py::TestPIMEnvironmentUnit::test_provided_runtime_kind_is_nonempty PASSED [ 11%]
tests/unit/plugins/pip/test_environment.py::TestEnvironment::test_is_available_returns_true PASSED [ 12%]
tests/unit/plugins/pip/test_environment.py::TestEnvironment::test_is_available_returns_false PASSED [ 12%]
tests/unit/plugins/pip/test_environment.py::TestEnvironment::test_uninstall_command_returns_list PASSED [ 12%]
tests/unit/plugins/pip/test_environment.py::TestIsAvailableFor::test_returns_true_when_module_importable PASSED [ 12%]
tests/unit/plugins/pip/test_environment.py::TestIsAvailableFor::test_returns_false_when_module_missing PASSED [ 12%]
tests/unit/plugins/pip/test_environment.py::TestIsAvailableFor::test_returns_false_on_subprocess_error PASSED [ 12%]
tests/unit/plugins/pip/test_environment.py::TestIsAvailableFor::test_probes_runtime_interpreter PASSED [ 12%]
tests/unit/plugins/pip/test_environment.py::TestIsAvailableFor::test_falls_back_to_sys_executable PASSED [ 13%]
tests/unit/plugins/pip/test_environment.py::TestVenvWithPip::test_lists_packages PASSED [ 13%]
tests/unit/plugins/pip/test_environment.py::TestVenvWithPip::test_skips_entries_without_name PASSED [ 13%]
tests/unit/plugins/pip/test_environment.py::TestVenvWithPip::test_empty_environment PASSED [ 13%]
tests/unit/plugins/pip/test_environment.py::TestVenvWithoutPip::test_pip_failure_falls_back_to_importlib PASSED [ 13%]
tests/unit/plugins/pip/test_environment.py::TestVenvWithoutPip::test_both_pip_and_importlib_fail PASSED [ 13%]
tests/unit/plugins/pip/test_environment.py::TestGlobalEnvironment::test_python_not_on_path 
-------------------------------- live log call --------------------------------
WARNING  porringer.pip.packages:plugin.py:460 Python not found on PATH; cannot list pip packages
PASSED                                                                   [ 13%]
tests/unit/plugins/pip/test_environment.py::TestGlobalEnvironment::test_pip_returns_malformed_json 
-------------------------------- live log call --------------------------------
WARNING  porringer.pip.packages:plugin.py:457 Failed to parse pip package list: Expecting value: line 1 column 1 (char 0)
PASSED                                                                   [ 13%]
tests/unit/plugins/pip/test_environment.py::TestGlobalEnvironment::test_pip_returns_global_packages PASSED [ 14%]
tests/unit/plugins/pip/test_environment.py::TestCaching::test_each_call_queries_subprocess PASSED [ 14%]
tests/unit/plugins/pip/test_environment.py::TestCaching::test_separate_instances_independent PASSED [ 14%]
tests/unit/plugins/pip/test_environment.py::TestPythonCommand::test_default_is_sys_executable PASSED [ 14%]
tests/unit/plugins/pip/test_environment.py::TestPythonCommand::test_runtime_override_takes_precedence PASSED [ 14%]
tests/unit/plugins/pip/test_environment.py::TestLivePackages::test_known_dev_dependencies_are_visible PASSED [ 14%]
tests/unit/plugins/pipx/test_environment.py::TestEnvironment::test_is_available_returns_true PASSED [ 14%]
tests/unit/plugins/pipx/test_environment.py::TestEnvironment::test_is_available_returns_false PASSED [ 14%]
tests/unit/plugins/pipx/test_environment.py::TestEnvironment::test_uninstall_command_returns_list PASSED [ 15%]
tests/unit/plugins/pnpm/test_environment.py::TestEnvironment::test_is_available_returns_true PASSED [ 15%]
tests/unit/plugins/pnpm/test_environment.py::TestEnvironment::test_is_available_returns_false PASSED [ 15%]
tests/unit/plugins/pnpm/test_environment.py::TestEnvironment::test_uninstall_command_returns_list PASSED [ 15%]
tests/unit/plugins/pnpm_project/test_environment.py::TestEnvironment::test_is_available_returns_true PASSED [ 15%]
tests/unit/plugins/pnpm_project/test_environment.py::TestEnvironment::test_is_available_returns_false PASSED [ 15%]
tests/unit/plugins/pnpm_project/test_environment.py::TestEnvironment::test_sync_command_returns_list PASSED [ 15%]
tests/unit/plugins/pnpm_project/test_environment.py::TestEnvironment::test_ecosystem_returns_string PASSED [ 15%]
tests/unit/plugins/poetry/test_environment.py::TestEnvironment::test_is_available_returns_true PASSED [ 16%]
tests/unit/plugins/poetry/test_environment.py::TestEnvironment::test_is_available_returns_false PASSED [ 16%]
tests/unit/plugins/poetry/test_environment.py::TestEnvironment::test_sync_command_returns_list PASSED [ 16%]
tests/unit/plugins/poetry/test_environment.py::TestEnvironment::test_ecosystem_returns_string PASSED [ 16%]
tests/unit/plugins/pyenv/test_environment.py::TestPyenvBasics::test_install_command PASSED [ 16%]
tests/unit/plugins/pyenv/test_environment.py::TestPyenvBasics::test_upgrade_command PASSED [ 16%]
tests/unit/plugins/pyenv/test_environment.py::TestPyenvBasics::test_implements_runtime_provider PASSED [ 16%]
tests/unit/plugins/pyenv/test_environment.py::TestResolveExecutable::test_resolve_success PASSED [ 17%]
tests/unit/plugins/pyenv/test_environment.py::TestResolveExecutable::test_resolve_not_installed PASSED [ 17%]
tests/unit/plugins/pyenv/test_environment.py::TestResolveExecutable::test_resolve_pyenv_missing PASSED [ 17%]
tests/unit/plugins/pyenv/test_environment.py::TestPackages::test_packages_success PASSED [ 17%]
tests/unit/plugins/pyenv/test_environment.py::TestPackages::test_packages_empty PASSED [ 17%]
tests/unit/plugins/pyenv/test_environment.py::TestPackages::test_packages_pyenv_missing 
-------------------------------- live log call --------------------------------
WARNING  porringer.pyenv.text_command:tool_based.py:240 pyenv not found on PATH
PASSED                                                                   [ 17%]
tests/unit/plugins/pyenv/test_environment.py::TestPyenvEnvironmentUnit::test_is_available_returns_true PASSED [ 17%]
tests/unit/plugins/pyenv/test_environment.py::TestPyenvEnvironmentUnit::test_is_available_returns_false PASSED [ 17%]
tests/unit/plugins/pyenv/test_environment.py::TestPyenvEnvironmentUnit::test_uninstall_command_returns_list PASSED [ 18%]
tests/unit/plugins/pyenv/test_environment.py::TestPyenvEnvironmentUnit::test_sort_tags_empty_returns_empty PASSED [ 18%]
tests/unit/plugins/pyenv/test_environment.py::TestPyenvEnvironmentUnit::test_sort_tags_result_is_subset_of_input PASSED [ 18%]
tests/unit/plugins/pyenv/test_environment.py::TestPyenvEnvironmentUnit::test_sort_tags_does_not_crash_on_garbage PASSED [ 18%]
tests/unit/plugins/pyenv/test_environment.py::TestPyenvEnvironmentUnit::test_provided_runtime_kind_is_nonempty PASSED [ 18%]
tests/unit/plugins/uv/test_environment.py::TestEnvironment::test_is_available_returns_true PASSED [ 18%]
tests/unit/plugins/uv/test_environment.py::TestEnvironment::test_is_available_returns_false PASSED [ 18%]
tests/unit/plugins/uv/test_environment.py::TestEnvironment::test_uninstall_command_returns_list PASSED [ 18%]
tests/unit/plugins/uv_project/test_environment.py::TestEnvironment::test_is_available_returns_true PASSED [ 19%]
tests/unit/plugins/uv_project/test_environment.py::TestEnvironment::test_is_available_returns_false PASSED [ 19%]
tests/unit/plugins/uv_project/test_environment.py::TestEnvironment::test_sync_command_returns_list PASSED [ 19%]
tests/unit/plugins/uv_project/test_environment.py::TestEnvironment::test_ecosystem_returns_string PASSED [ 19%]
tests/unit/plugins/yarn_project/test_environment.py::TestEnvironment::test_is_available_returns_true PASSED [ 19%]
tests/unit/plugins/yarn_project/test_environment.py::TestEnvironment::test_is_available_returns_false PASSED [ 19%]
tests/unit/plugins/yarn_project/test_environment.py::TestEnvironment::test_sync_command_returns_list PASSED [ 19%]
tests/unit/plugins/yarn_project/test_environment.py::TestEnvironment::test_ecosystem_returns_string PASSED [ 20%]
tests/unit/test_backend_resolver.py::TestResolverAlphabeticalOrder::test_single_candidate_selected PASSED [ 20%]
tests/unit/test_backend_resolver.py::TestResolverAlphabeticalOrder::test_alphabetically_first_wins PASSED [ 20%]
tests/unit/test_backend_resolver.py::TestResolverAlphabeticalOrder::test_order_independent_of_insertion PASSED [ 20%]
tests/unit/test_backend_resolver.py::TestResolverPreferences::test_preference_overrides_alphabetical PASSED [ 20%]
tests/unit/test_backend_resolver.py::TestResolverPreferences::test_unavailable_preference_falls_back 
-------------------------------- live log call --------------------------------
WARNING  porringer.backend.backend:backend.py:160 Preferred plugin 'bravo' for (packages, 'test') is not available; falling back
PASSED                                                                   [ 20%]
tests/unit/test_backend_resolver.py::TestResolverPreferences::test_unsupported_preference_falls_back 
-------------------------------- live log call --------------------------------
WARNING  porringer.backend.backend:backend.py:160 Preferred plugin 'bravo' for (packages, 'test') is not available; falling back
PASSED                                                                   [ 20%]
tests/unit/test_backend_resolver.py::TestResolverPreferences::test_unknown_preference_falls_back 
-------------------------------- live log call --------------------------------
WARNING  porringer.backend.backend:backend.py:160 Preferred plugin 'nonexistent' for (packages, 'test') is not available; falling back
PASSED                                                                   [ 20%]
tests/unit/test_backend_resolver.py::TestResolverPlatformSupport::test_unsupported_plugin_excluded PASSED [ 21%]
tests/unit/test_backend_resolver.py::TestResolverPlatformSupport::test_unsupported_skipped_in_favour_of_supported PASSED [ 21%]
tests/unit/test_backend_resolver.py::TestResolverPlatformSupport::test_all_unsupported_returns_none PASSED [ 21%]
tests/unit/test_backend_resolver.py::TestResolverAvailability::test_unavailable_plugin_skipped PASSED [ 21%]
tests/unit/test_backend_resolver.py::TestResolverAvailability::test_all_unavailable_returns_none PASSED [ 21%]
tests/unit/test_backend_resolver.py::TestResolverEcosystemIsolation::test_different_ecosystems_resolved_independently PASSED [ 21%]
tests/unit/test_backend_resolver.py::TestResolverEcosystemIsolation::test_different_kinds_resolved_independently PASSED [ 21%]
tests/unit/test_backend_resolver.py::TestResolverEcosystemIsolation::test_unregistered_pair_returns_none PASSED [ 21%]
tests/unit/test_backend_resolver.py::TestResolverRegistration::test_registered_and_available PASSED [ 22%]
tests/unit/test_backend_resolver.py::TestResolverRegistration::test_registered_but_unavailable PASSED [ 22%]
tests/unit/test_backend_resolver.py::TestResolverRegistration::test_not_registered_at_all PASSED [ 22%]
tests/unit/test_backend_resolver.py::TestResolverRegistration::test_empty_resolver PASSED [ 22%]
tests/unit/test_backend_resolver.py::TestResolverRuntimeContext::test_consumer_discovered_via_runtime_context PASSED [ 22%]
tests/unit/test_backend_resolver.py::TestResolverRuntimeContext::test_consumer_rejected_by_runtime_context PASSED [ 22%]
tests/unit/test_backend_resolver.py::TestResolverRuntimeContext::test_without_runtime_context_uses_is_available PASSED [ 22%]
tests/unit/test_backend_resolver.py::TestResolverRuntimeContext::test_mixed_consumer_and_plain_plugins PASSED [ 23%]
tests/unit/test_backend_resolver.py::TestResolverRuntimeContext::test_alphabetical_among_runtime_consumers PASSED [ 23%]
tests/unit/test_bootstrap_cross_platform.py::TestBootstrapDeferredRuntime::test_runtime_action_deferred PASSED [ 23%]
tests/unit/test_bootstrap_cross_platform.py::TestBootstrapDeferredPackage::test_package_actions_deferred PASSED [ 23%]
tests/unit/test_bootstrap_cross_platform.py::TestBootstrapFullyDeferred::test_runtime_and_package_both_deferred PASSED [ 23%]
tests/unit/test_bootstrap_cross_platform.py::TestInjectRuntimePath::test_injects_parent_directory PASSED [ 23%]
tests/unit/test_bootstrap_cross_platform.py::TestInjectRuntimePath::test_injects_scripts_directory PASSED [ 23%]
tests/unit/test_bootstrap_cross_platform.py::TestInjectRuntimePath::test_no_duplicates PASSED [ 23%]
tests/unit/test_cache.py::TestDirectoryCacheManager::test_add_directory PASSED [ 24%]
tests/unit/test_cache.py::TestDirectoryCacheManager::test_add_duplicate_directory_fails PASSED [ 24%]
tests/unit/test_cache.py::TestDirectoryCacheManager::test_add_nonexistent_directory_fails PASSED [ 24%]
tests/unit/test_cache.py::TestDirectoryCacheManager::test_remove_directory PASSED [ 24%]
tests/unit/test_cache.py::TestDirectoryCacheManager::test_remove_nonexistent_directory PASSED [ 24%]
tests/unit/test_cache.py::TestDirectoryCacheManager::test_list_directories_empty PASSED [ 24%]
tests/unit/test_cache.py::TestDirectoryCacheManager::test_get_paths PASSED [ 24%]
tests/unit/test_cache.py::TestDirectoryCachePersistence::test_cache_persists_across_instances PASSED [ 24%]
tests/unit/test_cache.py::TestDirectoryCachePersistence::test_clear_removes_all_data PASSED [ 25%]
tests/unit/test_cache.py::TestDirectoryCacheValidation::test_list_directories_validate PASSED [ 25%]
tests/unit/test_cache.py::TestDirectoryCacheValidation::test_update_directory PASSED [ 25%]
tests/unit/test_cache.py::TestDirectoryCacheCorruption::test_corrupt_cache_gives_empty_cache 
-------------------------------- live log call --------------------------------
WARNING  porringer.backend.cache:cache.py:62 Cache unreadable (C:\Users\asher\AppData\Local\Temp\tmpe9g0jcnf\data\directories.json): 1 validation error for DirectoryCache
  Invalid JSON: expected value at line 1 column 1 [type=json_invalid, input_value='GARBAGE', input_type=str]
    For further information visit https://errors.pydantic.dev/2.12/v/json_invalid
ERROR    porringer.backend.cache:cache.py:66 Directory cache unrecoverable, starting with empty cache (path=C:\Users\asher\AppData\Local\Temp\tmpe9g0jcnf\data\directories.json)
PASSED                                                                   [ 25%]
tests/unit/test_cache.py::TestDirectoryCacheFirstRun::test_first_run_creates_cache_file PASSED [ 25%]
tests/unit/test_cache.py::TestDirectoryCacheFirstRun::test_first_run_no_error_on_subsequent_load PASSED [ 25%]
tests/unit/test_check.py::TestCheckUpdatesParametersRuntimeContext::test_defaults_to_none PASSED [ 25%]
tests/unit/test_check.py::TestCheckUpdatesParametersRuntimeContext::test_accepts_runtime_context PASSED [ 26%]
tests/unit/test_check.py::TestCheckUpdatesParametersRuntimeContext::test_excluded_from_serialization PASSED [ 26%]
tests/unit/test_check.py::TestCheckResult::test_check_result_success PASSED [ 26%]
tests/unit/test_check.py::TestCheckResult::test_check_result_no_updates PASSED [ 26%]
tests/unit/test_check.py::TestCheckResult::test_check_result_error PASSED [ 26%]
tests/unit/test_check.py::TestDownloadParameters::test_download_parameters_validation PASSED [ 26%]
tests/unit/test_check.py::TestDownloadUtility::test_parse_hash_string PASSED [ 26%]
tests/unit/test_check.py::TestDownloadUtility::test_parse_hash_string_sha512 PASSED [ 26%]
tests/unit/test_check.py::TestDownloadUtility::test_parse_hash_string_invalid PASSED [ 27%]
tests/unit/test_check.py::TestDownloadUtility::test_compute_file_hash PASSED [ 27%]
tests/unit/test_check_updates.py::TestCheckPypiUpdates::test_stable_version_returned PASSED [ 27%]
tests/unit/test_check_updates.py::TestCheckPypiUpdates::test_prerelease_version_returned PASSED [ 27%]
tests/unit/test_check_updates.py::TestCheckPypiUpdates::test_http_error_returns_empty PASSED [ 27%]
tests/unit/test_check_updates.py::TestCheckPypiUpdates::test_multiple_packages PASSED [ 27%]
tests/unit/test_check_updates.py::TestCheckPypiUpdates::test_prerelease_info_version_falls_back_to_stable_release PASSED [ 27%]
tests/unit/test_check_updates.py::TestCheckPypiUpdates::test_prerelease_info_version_with_no_stable_releases PASSED [ 27%]
tests/unit/test_check_updates.py::TestCheckPypiUpdates::test_stable_info_version_not_affected PASSED [ 28%]
tests/unit/test_check_updates.py::TestPipCheckUpdates::test_native_pip_outdated PASSED [ 28%]
tests/unit/test_check_updates.py::TestPipCheckUpdates::test_prereleases_flag_passed PASSED [ 28%]
tests/unit/test_check_updates.py::TestPipCheckUpdates::test_falls_back_to_pypi_on_failure PASSED [ 28%]
tests/unit/test_check_updates.py::TestPipCheckUpdates::test_all_packages_returned_when_no_filter PASSED [ 28%]
tests/unit/test_check_updates.py::TestNpmCheckUpdates::test_stable_version PASSED [ 28%]
tests/unit/test_check_updates.py::TestNpmCheckUpdates::test_prereleases_forwarded PASSED [ 28%]
tests/unit/test_check_updates.py::TestDenoCheckUpdates::test_npm_package PASSED [ 28%]
tests/unit/test_check_updates.py::TestDenoCheckUpdates::test_jsr_package PASSED [ 29%]
tests/unit/test_check_updates.py::TestDenoCheckUpdates::test_bare_name_queries_npm PASSED [ 29%]
tests/unit/test_check_updates.py::TestBrewCheckUpdates::test_outdated_with_info PASSED [ 29%]
tests/unit/test_check_updates.py::TestBrewCheckUpdates::test_outdated_filters_by_requested PASSED [ 29%]
tests/unit/test_check_updates.py::TestBrewCheckUpdates::test_no_outdated_returns_empty PASSED [ 29%]
tests/unit/test_check_updates.py::TestBrewCheckUpdates::test_command_failure_returns_empty PASSED [ 29%]
tests/unit/test_check_updates.py::TestWingetCheckUpdates::test_parses_upgrade_output PASSED [ 29%]
tests/unit/test_check_updates.py::TestWingetCheckUpdates::test_command_failure_returns_empty PASSED [ 30%]
tests/unit/test_check_updates.py::TestAptCheckUpdates::test_parses_candidate PASSED [ 30%]
tests/unit/test_check_updates.py::TestAptCheckUpdates::test_no_candidate_returns_empty PASSED [ 30%]
tests/unit/test_check_updates.py::TestAptCheckUpdates::test_command_failure_returns_empty PASSED [ 30%]
tests/unit/test_check_updates.py::TestPyenvCheckUpdates::test_finds_latest_matching_version PASSED [ 30%]
tests/unit/test_check_updates.py::TestPyenvCheckUpdates::test_excludes_prereleases_by_default PASSED [ 30%]
tests/unit/test_check_updates.py::TestPyenvCheckUpdates::test_includes_prereleases_when_requested PASSED [ 30%]
tests/unit/test_check_updates.py::TestPyenvCheckUpdates::test_command_failure_returns_empty PASSED [ 30%]
tests/unit/test_check_updates.py::TestPimCheckUpdates::test_finds_latest_matching_version PASSED [ 31%]
tests/unit/test_check_updates.py::TestPimCheckUpdates::test_command_failure_returns_empty PASSED [ 31%]
tests/unit/test_check_updates.py::TestNpmRegistryHelper::test_stable_version PASSED [ 31%]
tests/unit/test_check_updates.py::TestNpmRegistryHelper::test_prerelease_version PASSED [ 31%]
tests/unit/test_check_updates.py::TestNpmRegistryHelper::test_http_error_returns_empty PASSED [ 31%]
tests/unit/test_cli.py::TestCLI::test_version PASSED                     [ 31%]
tests/unit/test_cli.py::TestCLILoggingLevels::test_default_level_is_warning PASSED [ 31%]
tests/unit/test_cli.py::TestCLILoggingLevels::test_verbose_sets_info PASSED [ 31%]
tests/unit/test_cli.py::TestCLILoggingLevels::test_double_verbose_sets_debug PASSED [ 32%]
tests/unit/test_cli.py::TestCLILoggingLevels::test_debug_flag_sets_debug PASSED [ 32%]
tests/unit/test_command_plugin.py::TestCommandPlugin::test_plugin_list PASSED [ 32%]
tests/unit/test_command_plugin.py::TestCommandPlugin::test_plugin_list_with_missing_module 
-------------------------------- live log call --------------------------------
WARNING  porringer.backend.builder:builder.py:161 Plugin 'missing_plugin' could not be loaded: No module named 'porringer.plugin. Skipping
PASSED                                                                   [ 32%]
tests/unit/test_command_plugin.py::TestPluginInstall::test_install_dry_run_pip PASSED [ 32%]
tests/unit/test_command_plugin.py::TestPluginInstall::test_install_dry_run_pipx PASSED [ 32%]
tests/unit/test_command_plugin.py::TestPluginInstall::test_install_failure_returns_error 
-------------------------------- live log call --------------------------------
ERROR    porringer.backend.command.plugin:plugin.py:218 Install failed for nonexistent-plugin: Package not found
PASSED                                                                   [ 32%]
tests/unit/test_command_plugin.py::TestPluginInstall::test_install_validates_plugin_entry_point 
-------------------------------- live log call --------------------------------
WARNING  porringer.backend.command.plugin:plugin.py:282 Package 'not-a-plugin' does not provide a porringer plugin entry point. Uninstalling.
PASSED                                                                   [ 33%]
tests/unit/test_command_plugin.py::TestPluginInstall::test_install_command_not_found 
-------------------------------- live log call --------------------------------
ERROR    porringer.backend.command.plugin:plugin.py:231 Command not found: pipx not found
PASSED                                                                   [ 33%]
tests/unit/test_command_plugin.py::TestPluginUninstall::test_uninstall_dry_run_pip PASSED [ 33%]
tests/unit/test_command_plugin.py::TestPluginUninstall::test_uninstall_dry_run_pipx PASSED [ 33%]
tests/unit/test_command_plugin.py::TestPluginUninstall::test_uninstall_multiple_plugins PASSED [ 33%]
tests/unit/test_command_plugin.py::TestPluginUninstall::test_uninstall_partial_failure 
-------------------------------- live log call --------------------------------
ERROR    porringer.backend.command.plugin:plugin.py:218 Uninstall failed for plugin-fail: Package not found
PASSED                                                                   [ 33%]
tests/unit/test_command_plugin.py::TestPluginUpdate::test_update_dry_run_pip PASSED [ 33%]
tests/unit/test_command_plugin.py::TestPluginUpdate::test_update_dry_run_pipx PASSED [ 33%]
tests/unit/test_command_plugin.py::TestPluginUpdate::test_update_success PASSED [ 34%]
tests/unit/test_command_plugin.py::TestPluginUpdate::test_update_failure 
-------------------------------- live log call --------------------------------
ERROR    porringer.backend.command.plugin:plugin.py:218 Update failed for nonexistent-plugin: No matching distribution
PASSED                                                                   [ 34%]
tests/unit/test_command_plugin.py::TestPipxDetection::test_is_pipx_installation_true PASSED [ 34%]
tests/unit/test_command_plugin.py::TestPipxDetection::test_is_pipx_installation_false PASSED [ 34%]
tests/unit/test_command_plugin.py::TestResolveDependenciesFilter::test_unmet_required_dep_is_filtered 
-------------------------------- live log call --------------------------------
WARNING  porringer.backend.builder:builder.py:251 Plugin 'needs-dep' requires 'nonexistent' but it is not available ù skipping
PASSED                                                                   [ 34%]
tests/unit/test_command_plugin.py::TestListRuntimeConsumerVisibility::test_runtime_consumer_installed_via_context PASSED [ 34%]
tests/unit/test_command_plugin.py::TestListRuntimeConsumerVisibility::test_runtime_consumer_not_installed_without_context PASSED [ 34%]
tests/unit/test_command_plugin.py::TestListRuntimeConsumerVisibility::test_explicit_runtime_context_skips_auto_resolve PASSED [ 34%]
tests/unit/test_command_plugin.py::TestListPackagesAvailabilityGate::test_unavailable_plugin_returns_empty PASSED [ 35%]
tests/unit/test_command_plugin.py::TestListPackagesAvailabilityGate::test_available_plugin_delegates_to_packages PASSED [ 35%]
tests/unit/test_command_plugin.py::TestListPackagesAvailabilityGate::test_runtime_context_enables_consumer PASSED [ 35%]
tests/unit/test_command_plugin.py::TestListPackagesAvailabilityGate::test_explicit_runtime_context_skips_auto_resolve PASSED [ 35%]
tests/unit/test_command_plugin.py::TestListPackagesAvailabilityGate::test_missing_plugin_raises PASSED [ 35%]
tests/unit/test_command_plugin.py::TestQueryAvailability::test_unsupported_returns_false PASSED [ 35%]
tests/unit/test_command_plugin.py::TestQueryAvailability::test_supported_available_returns_true PASSED [ 35%]
tests/unit/test_command_plugin.py::TestQueryAvailability::test_supported_unavailable_returns_false PASSED [ 36%]
tests/unit/test_command_plugin.py::TestQueryAvailability::test_runtime_consumer_uses_is_available_for PASSED [ 36%]
tests/unit/test_command_plugin.py::TestQueryAvailability::test_non_consumer_ignores_runtime_context PASSED [ 36%]
tests/unit/test_command_plugin.py::TestResolveRuntimeContext::test_no_providers_returns_empty_context PASSED [ 36%]
tests/unit/test_command_plugin.py::TestResolveRuntimeContext::test_provider_resolves_runtime PASSED [ 36%]
tests/unit/test_command_plugin.py::TestResolveRuntimeContext::test_provider_no_runtimes_returns_empty PASSED [ 36%]
tests/unit/test_command_plugin.py::TestResolveRuntimeContext::test_provider_resolves_despite_invalid_tags PASSED [ 36%]
tests/unit/test_command_plugin.py::TestDefaultTag::test_default_tag_preferred_over_highest_version PASSED [ 36%]
tests/unit/test_command_plugin.py::TestDefaultTag::test_default_tag_none_falls_back_to_sort_tags PASSED [ 37%]
tests/unit/test_command_plugin.py::TestDefaultTag::test_default_tag_unresolvable_falls_back PASSED [ 37%]
tests/unit/test_command_plugin.py::TestDefaultTag::test_default_tag_exception_falls_back PASSED [ 37%]
tests/unit/test_command_plugin.py::TestDefaultTag::test_protocol_default_returns_none PASSED [ 37%]
tests/unit/test_command_plugin.py::TestSortTags::test_default_sort_tags_descending PASSED [ 37%]
tests/unit/test_command_plugin.py::TestSortTags::test_sort_tags_drops_invalid PASSED [ 37%]
tests/unit/test_command_plugin.py::TestSortTags::test_sort_tags_empty_input PASSED [ 37%]
tests/unit/test_command_plugin.py::TestSortTags::test_sort_tags_all_invalid PASSED [ 37%]
tests/unit/test_command_plugin.py::TestSortTagsOverride::test_arch_suffix_override_resolves_highest PASSED [ 38%]
tests/unit/test_command_plugin.py::TestSortTagsOverride::test_custom_override_controls_resolution_order PASSED [ 38%]
tests/unit/test_command_plugin.py::TestResolveAllRuntimeExecutables::test_resolves_multiple_tags PASSED [ 38%]
tests/unit/test_command_plugin.py::TestResolveAllRuntimeExecutables::test_skips_unresolvable_tags PASSED [ 38%]
tests/unit/test_command_plugin.py::TestResolveAllRuntimeExecutables::test_skips_unavailable_provider PASSED [ 38%]
tests/unit/test_command_plugin.py::TestResolveAllRuntimeExecutables::test_no_providers_returns_empty PASSED [ 38%]
tests/unit/test_command_plugin.py::TestResolveAllRuntimeExecutables::test_multiple_providers PASSED [ 38%]
tests/unit/test_command_plugin.py::TestListPackagesByRuntime::test_returns_packages_per_runtime PASSED [ 39%]
tests/unit/test_command_plugin.py::TestListPackagesByRuntime::test_skips_unavailable_runtimes PASSED [ 39%]
tests/unit/test_command_plugin.py::TestListPackagesByRuntime::test_non_consumer_returns_none PASSED [ 39%]
tests/unit/test_command_plugin.py::TestListPackagesByRuntime::test_missing_plugin_raises PASSED [ 39%]
tests/unit/test_command_plugin.py::TestListPackagesByRuntime::test_empty_when_no_matching_runtimes PASSED [ 39%]
tests/unit/test_command_plugin.py::TestListPackagesByRuntime::test_uses_prediscovered_plugins PASSED [ 39%]
tests/unit/test_command_plugin.py::TestListPackagesByRuntime::test_concurrent_queries PASSED [ 39%]
tests/unit/test_command_self.py::TestCommandSelf::test_self_check_returns_package_info PASSED [ 39%]
tests/unit/test_command_self.py::TestVersionHelpers::test_get_current_version_returns_version PASSED [ 40%]
tests/unit/test_command_self.py::TestVersionHelpers::test_get_latest_pypi_version_success PASSED [ 40%]
tests/unit/test_command_self.py::TestVersionHelpers::test_get_latest_pypi_version_network_error PASSED [ 40%]
tests/unit/test_command_self.py::TestVersionHelpers::test_check_update_available PASSED [ 40%]
tests/unit/test_command_self.py::TestVersionHelpers::test_check_no_update_available PASSED [ 40%]
tests/unit/test_concurrency_and_client.py::TestHttpClientField::test_with_client PASSED [ 40%]
tests/unit/test_concurrency_and_client.py::TestHttpClientField::test_excluded_from_serialization PASSED [ 40%]
tests/unit/test_concurrency_and_client.py::TestResolutionContextHttpClient::test_with_client PASSED [ 40%]
tests/unit/test_concurrency_and_client.py::TestDryRunConcurrencyBounding::test_semaphore_limits_concurrency PASSED [ 41%]
tests/unit/test_concurrency_and_client.py::TestDryRunConcurrencyBounding::test_unlimited_concurrency PASSED [ 41%]
tests/unit/test_concurrency_and_client.py::TestSharedHttpClient::test_check_for_newer_version_passes_client PASSED [ 41%]
tests/unit/test_concurrency_and_client.py::TestSharedHttpClient::test_check_for_newer_version_none_client PASSED [ 41%]
tests/unit/test_concurrency_and_client.py::TestSharedHttpClient::test_dry_run_creates_shared_client PASSED [ 41%]
tests/unit/test_concurrency_and_client.py::TestConsoleCheckAsync::test_check_updates_is_async PASSED [ 41%]
tests/unit/test_deferred_resolution.py::TestBuildActionsFailFast::test_unregistered_ecosystem_produces_no_plugin_actions 
-------------------------------- live log call --------------------------------
ERROR    porringer.backend.command.core.action_builder:action_builder.py:206 No plugin registered for (packages, 'ruby'). Ensure all required plugin packages are installed with their entry points available to porringer.
PASSED                                                                   [ 41%]
tests/unit/test_deferred_resolution.py::TestBuildActionsFailFast::test_registered_but_unavailable_defers PASSED [ 42%]
tests/unit/test_deferred_resolution.py::TestBuildActionsFailFast::test_registered_and_available_resolves PASSED [ 42%]
tests/unit/test_deferred_resolution.py::test_unregistered_ecosystem_logs_error 
-------------------------------- live log call --------------------------------
DEBUG    porringer.backend.backend:backend.py:86 Backend resolution map: {}
DEBUG    porringer.backend.backend:backend.py:100 No plugins registered for (packages, 'ruby'). Available packages ecosystems: (none).
ERROR    porringer.backend.command.core.action_builder:action_builder.py:206 No plugin registered for (packages, 'ruby'). Ensure all required plugin packages are installed with their entry points available to porringer.
PASSED                                                                   [ 42%]
tests/unit/test_deferred_resolution.py::test_still_unresolved_logs_error 
-------------------------------- live log call --------------------------------
DEBUG    porringer.backend.backend:backend.py:170 No available plugin for (packages, 'python')
DEBUG    porringer.backend.backend:backend.py:86 Backend resolution map: {'(packages, python)': None}
ERROR    porringer.backend.command.core.execution:execution.py:1546 Deferred action permanently unresolved: Install 'requests' (deferred) (registered plugins ['pip'] for packages/python are all unavailable)
PASSED                                                                   [ 42%]
tests/unit/test_deferred_resolution.py::test_resolved_action_logs_info 
-------------------------------- live log call --------------------------------
DEBUG    porringer.backend.backend:backend.py:86 Backend resolution map: {'(packages, python)': 'pip'}
INFO     porringer.backend.command.core.execution:execution.py:1542 Deferred action resolved: Install 'requests' via pip -> pip
PASSED                                                                   [ 42%]
tests/unit/test_deferred_resolution.py::test_preferences_threaded_through PASSED [ 42%]
tests/unit/test_event_loop_safety.py::TestEventLoopSafety::test_execute_stream_no_nested_run PASSED [ 42%]
tests/unit/test_event_loop_safety.py::TestEventLoopSafety::test_concurrent_streams_on_shared_loop PASSED [ 42%]
tests/unit/test_frozen_app_detection.py::TestPythonCommandFrozenApp::test_frozen_no_runtime_uses_which PASSED [ 43%]
tests/unit/test_frozen_app_detection.py::TestPythonCommandFrozenApp::test_frozen_with_runtime_context_uses_override PASSED [ 43%]
tests/unit/test_frozen_app_detection.py::TestPythonCommandFrozenApp::test_frozen_no_which_falls_back_to_sys_executable PASSED [ 43%]
tests/unit/test_frozen_app_detection.py::TestPythonCommandFrozenApp::test_not_frozen_ignores_which PASSED [ 43%]
tests/unit/test_frozen_app_detection.py::TestPythonCommandFrozenApp::test_frozen_none_runtime_context_uses_which PASSED [ 43%]
tests/unit/test_frozen_presence_resolution.py::TestProbeToolVersion::test_parses_semver_from_stdout PASSED [ 43%]
tests/unit/test_frozen_presence_resolution.py::TestProbeToolVersion::test_parses_version_with_v_prefix PASSED [ 43%]
tests/unit/test_frozen_presence_resolution.py::TestProbeToolVersion::test_parses_two_component_version PASSED [ 43%]
tests/unit/test_frozen_presence_resolution.py::TestProbeToolVersion::test_parses_version_from_stderr PASSED [ 44%]
tests/unit/test_frozen_presence_resolution.py::TestProbeToolVersion::test_returns_none_for_no_version_in_output PASSED [ 44%]
tests/unit/test_frozen_presence_resolution.py::TestProbeToolVersion::test_returns_none_on_file_not_found PASSED [ 44%]
tests/unit/test_frozen_presence_resolution.py::TestProbeToolVersion::test_returns_none_on_os_error PASSED [ 44%]
tests/unit/test_frozen_presence_resolution.py::TestProbeToolVersion::test_returns_none_on_timeout PASSED [ 44%]
tests/unit/test_frozen_presence_resolution.py::TestPathFallbackFrozenResolution::test_frozen_path_fallback_marks_installed_with_version PASSED [ 44%]
tests/unit/test_frozen_presence_resolution.py::TestPathFallbackFrozenResolution::test_frozen_path_fallback_no_version_suppresses_update PASSED [ 44%]
tests/unit/test_frozen_presence_resolution.py::TestPathFallbackFrozenResolution::test_non_frozen_does_not_use_path_fallback PASSED [ 44%]
tests/unit/test_frozen_presence_resolution.py::TestResolvedToResultVersionMetadata::test_install_carries_available_version PASSED [ 45%]
tests/unit/test_frozen_presence_resolution.py::TestResolvedToResultVersionMetadata::test_upgrade_carries_both_versions PASSED [ 45%]
tests/unit/test_frozen_presence_resolution.py::TestResolvedToResultVersionMetadata::test_uninstall_carries_installed_version PASSED [ 45%]
tests/unit/test_frozen_presence_resolution.py::TestResolvedToResultVersionMetadata::test_skip_update_available_carries_both PASSED [ 45%]
tests/unit/test_frozen_presence_resolution.py::TestForwardVersionMetadata::test_install_forwards_available_version PASSED [ 45%]
tests/unit/test_frozen_presence_resolution.py::TestForwardVersionMetadata::test_upgrade_forwards_both_versions PASSED [ 45%]
tests/unit/test_frozen_presence_resolution.py::TestForwardVersionMetadata::test_uninstall_forwards_installed_version PASSED [ 45%]
tests/unit/test_frozen_presence_resolution.py::TestForwardVersionMetadata::test_does_not_overwrite_existing_version_on_result PASSED [ 46%]
tests/unit/test_frozen_presence_resolution.py::TestForwardVersionMetadata::test_skip_operation_is_noop PASSED [ 46%]
tests/unit/test_frozen_presence_resolution.py::TestResolutionEnvironmentMatrix::test_installed_package_skips_in_both_modes[normal] PASSED [ 46%]
tests/unit/test_frozen_presence_resolution.py::TestResolutionEnvironmentMatrix::test_installed_package_skips_in_both_modes[frozen] PASSED [ 46%]
tests/unit/test_frozen_presence_resolution.py::TestResolutionEnvironmentMatrix::test_missing_package_installs_in_normal_mode[normal] PASSED [ 46%]
tests/unit/test_frozen_presence_resolution.py::TestResolutionEnvironmentMatrix::test_missing_package_installs_in_normal_mode[frozen] PASSED [ 46%]
tests/unit/test_frozen_presence_resolution.py::TestInstallConstraintPopulation::test_minimal_not_installed_carries_constraint PASSED [ 46%]
tests/unit/test_frozen_presence_resolution.py::TestInstallConstraintPopulation::test_latest_not_installed_carries_constraint PASSED [ 46%]
tests/unit/test_frozen_presence_resolution.py::TestInstallConstraintPopulation::test_no_constraint_yields_none PASSED [ 47%]
tests/unit/test_manifest.py::TestSetupManifest::test_load_json_manifest PASSED [ 47%]
tests/unit/test_manifest.py::TestSetupManifest::test_load_pyproject_manifest PASSED [ 47%]
tests/unit/test_manifest.py::TestSetupManifest::test_missing_manifest_raises_error PASSED [ 47%]
tests/unit/test_manifest.py::TestSetupPreview::test_preview_builds_actions PASSED [ 47%]
tests/unit/test_manifest.py::TestSetupPreview::test_preview_excludes_filtered_packages PASSED [ 47%]
tests/unit/test_manifest.py::TestSetupPreview::test_preview_includes_all_when_no_platform_filters PASSED [ 47%]
tests/unit/test_manifest.py::TestSetupBatch::test_preview_batch_single_path PASSED [ 47%]
tests/unit/test_manifest.py::TestSetupBatch::test_preview_batch_multiple_paths PASSED [ 48%]
tests/unit/test_manifest.py::TestSetupBatch::test_preview_batch_with_failures 
-------------------------------- live log call --------------------------------
WARNING  porringer.backend.command.sync:sync.py:284 Failed to load manifest at C:\Users\asher\AppData\Local\Temp\tmp_gvktvow\project2: No manifest found in directory: C:\Users\asher\AppData\Local\Temp\tmp_gvktvow\project2. Tried: 'porringer.json', 'package.json', 'deno.json', 'pyproject.toml'
PASSED                                                                   [ 48%]
tests/unit/test_manifest.py::TestSetupBatch::test_preview_batch_from_cache PASSED [ 48%]
tests/unit/test_manifest.py::TestSetupBatch::test_preview_batch_from_all_cached PASSED [ 48%]
tests/unit/test_manifest.py::TestPackageSpec::test_manifest_coerces_string_packages PASSED [ 48%]
tests/unit/test_manifest.py::TestPackageSpec::test_manifest_accepts_object_packages PASSED [ 48%]
tests/unit/test_manifest.py::TestPackageSpec::test_manifest_mixed_string_and_object_packages PASSED [ 48%]
tests/unit/test_manifest.py::TestPackageSpec::test_is_applicable_no_platforms PASSED [ 49%]
tests/unit/test_manifest.py::TestPackageSpec::test_is_applicable_with_empty_platforms PASSED [ 49%]
tests/unit/test_manifest.py::TestPackageSpec::test_is_applicable_matching_platform PASSED [ 49%]
tests/unit/test_manifest.py::TestPackageSpec::test_is_applicable_non_matching_platform PASSED [ 49%]
tests/unit/test_manifest.py::TestPackageSpec::test_is_applicable_multiple_platforms_matching PASSED [ 49%]
tests/unit/test_manifest.py::TestPackageSpec::test_is_applicable_multiple_platforms_not_matching PASSED [ 49%]
tests/unit/test_manifest.py::TestPackageSpec::test_string_coercion_has_empty_platforms PASSED [ 49%]
tests/unit/test_manifest.py::TestPackageSpec::test_object_with_platforms_parsed PASSED [ 49%]
tests/unit/test_manifest.py::TestManifestMetadata::test_metadata_in_json_manifest PASSED [ 50%]
tests/unit/test_manifest.py::TestManifestMetadata::test_metadata_none_when_not_provided PASSED [ 50%]
tests/unit/test_manifest.py::TestManifestMetadata::test_package_description_in_actions PASSED [ 50%]
tests/unit/test_manifest.py::TestSetupCLI::test_sync_dry_run_api PASSED  [ 50%]
tests/unit/test_manifest.py::TestManifestValidation::test_valid_manifest PASSED [ 50%]
tests/unit/test_manifest.py::TestManifestValidation::test_path_not_found PASSED [ 50%]
tests/unit/test_manifest.py::TestManifestValidation::test_no_manifest_in_directory PASSED [ 50%]
tests/unit/test_manifest.py::TestManifestValidation::test_invalid_json_syntax PASSED [ 50%]
tests/unit/test_manifest.py::TestManifestValidation::test_invalid_toml_syntax PASSED [ 51%]
tests/unit/test_manifest.py::TestManifestValidation::test_unsupported_version PASSED [ 51%]
tests/unit/test_manifest.py::TestManifestValidation::test_unknown_ecosystem_in_packages PASSED [ 51%]
tests/unit/test_manifest.py::TestManifestValidation::test_invalid_package_name_warning PASSED [ 51%]
tests/unit/test_manifest.py::TestManifestValidation::test_duplicate_packages_warning PASSED [ 51%]
tests/unit/test_manifest.py::TestManifestValidation::test_validation_does_not_execute PASSED [ 51%]
tests/unit/test_manifest.py::TestManifestValidation::test_multiple_errors_and_warnings PASSED [ 51%]
tests/unit/test_manifest.py::TestManifestSchema::test_manifest_schema_returns_dict PASSED [ 52%]
tests/unit/test_manifest.py::TestManifestSchema::test_manifest_schema_contains_expected_fields PASSED [ 52%]
tests/unit/test_manifest.py::TestManifestSchema::test_manifest_schema_has_root_meta_fields PASSED [ 52%]
tests/unit/test_manifest.py::TestManifestSchema::test_manifest_schema_has_dollar_schema_property PASSED [ 52%]
tests/unit/test_manifest.py::TestManifestSchema::test_manifest_schema_package_spec_anyof PASSED [ 52%]
tests/unit/test_manifest.py::TestManifestSchema::test_manifest_schema_plugin_spec_anyof PASSED [ 52%]
tests/unit/test_manifest.py::TestManifestSchema::test_manifest_schema_package_ref_anyof PASSED [ 52%]
tests/unit/test_manifest.py::TestManifestSchema::test_manifest_accepts_dollar_schema_field PASSED [ 52%]
tests/unit/test_manifest.py::TestManifestSchema::test_manifest_rejects_unknown_extra_fields PASSED [ 53%]
tests/unit/test_manifest.py::TestDryRunStateAware::test_dry_run_skips_installed_package PASSED [ 53%]
tests/unit/test_manifest.py::TestDryRunStateAware::test_dry_run_does_not_skip_missing_package PASSED [ 53%]
tests/unit/test_manifest.py::TestDryRunStateAware::test_dry_run_version_satisfied PASSED [ 53%]
tests/unit/test_manifest.py::TestDryRunStateAware::test_dry_run_version_not_satisfied PASSED [ 53%]
tests/unit/test_manifest.py::TestSyncStrategyUpgrade::test_preview_exact_strategy_produces_package_actions PASSED [ 53%]
tests/unit/test_manifest.py::TestSyncStrategyUpgrade::test_preview_batch_latest_strategy PASSED [ 53%]
tests/unit/test_manifest.py::TestSyncStrategyUpgrade::test_upgrade_action_description PASSED [ 53%]
tests/unit/test_manifest.py::TestSyncStrategyUpgrade::test_dry_run_upgrade_installed_package PASSED [ 54%]
tests/unit/test_manifest.py::TestSyncStrategyUpgrade::test_dry_run_upgrade_missing_package PASSED [ 54%]
tests/unit/test_manifest.py::TestPackageSpecPlugins::test_package_spec_plugins_default_empty PASSED [ 54%]
tests/unit/test_manifest.py::TestPackageSpecPlugins::test_package_spec_plugins_parsed PASSED [ 54%]
tests/unit/test_manifest.py::TestPackageSpecPlugins::test_string_coercion_has_empty_plugins PASSED [ 54%]
tests/unit/test_manifest.py::TestPackageSpecPlugins::test_manifest_tools_with_plugins PASSED [ 54%]
tests/unit/test_manifest.py::TestPackageSpecPlugins::test_build_actions_emits_plugin_actions PASSED [ 54%]
tests/unit/test_manifest.py::TestPackageSpecPlugins::test_plugin_action_description_contains_plugin_keyword 
-------------------------------- live log call --------------------------------
ERROR    porringer.backend.command.core.action_builder:action_builder.py:206 No plugin registered for (tools, 'python'). Ensure all required plugin packages are installed with their entry points available to porringer.
PASSED                                                                   [ 55%]
tests/unit/test_manifest.py::TestPackageSpecPlugins::test_json_manifest_with_plugins_roundtrip PASSED [ 55%]
tests/unit/test_manifest.py::TestPackageSpecPlugins::test_package_spec_plugins_with_version_constraint PASSED [ 55%]
tests/unit/test_manifest.py::TestPackageSpecPlugins::test_plugin_spec_extras_preserved PASSED [ 55%]
tests/unit/test_manifest.py::TestPackageSpecPlugins::test_plugin_spec_extras_with_constraint PASSED [ 55%]
tests/unit/test_manifest.py::TestPackageSpecPlugins::test_package_spec_extras_preserved PASSED [ 55%]
tests/unit/test_manifest.py::TestStrictFieldValidation::test_setup_manifest_rejects_unknown_top_level_field PASSED [ 55%]
tests/unit/test_manifest.py::TestStrictFieldValidation::test_setup_manifest_rejects_multiple_unknown_fields PASSED [ 55%]
tests/unit/test_manifest.py::TestStrictFieldValidation::test_package_spec_rejects_unknown_field PASSED [ 56%]
tests/unit/test_manifest.py::TestStrictFieldValidation::test_plugin_spec_rejects_unknown_field PASSED [ 56%]
tests/unit/test_manifest.py::TestStrictFieldValidation::test_nested_plugin_spec_unknown_field_in_manifest PASSED [ 56%]
tests/unit/test_manifest.py::TestStrictFieldValidation::test_nested_package_spec_unknown_field_in_manifest PASSED [ 56%]
tests/unit/test_manifest.py::TestStrictFieldValidation::test_valid_manifest_still_accepted PASSED [ 56%]
tests/unit/test_manifest.py::TestStrictFieldValidation::test_loader_wraps_unknown_field_as_manifest_error PASSED [ 56%]
tests/unit/test_manifest.py::TestManifestContributor::test_manifest_contribution_dataclass PASSED [ 56%]
tests/unit/test_manifest.py::TestManifestContributor::test_project_environment_is_manifest_contributor PASSED [ 56%]
tests/unit/test_manifest.py::TestManifestContributor::test_collect_manifest_contributions_returns_unique_filenames PASSED [ 57%]
tests/unit/test_manifest.py::TestManifestContributor::test_collect_manifest_contributions_includes_pyproject PASSED [ 57%]
tests/unit/test_manifest.py::TestManifestContributor::test_manifest_filenames_starts_with_native PASSED [ 57%]
tests/unit/test_manifest.py::TestManifestContributor::test_manifest_filenames_includes_contributed PASSED [ 57%]
tests/unit/test_manifest.py::TestManifestDiscovery::test_find_native_json_manifest PASSED [ 57%]
tests/unit/test_manifest.py::TestManifestDiscovery::test_find_pyproject_inline_manifest PASSED [ 57%]
tests/unit/test_manifest.py::TestManifestDiscovery::test_find_pyproject_reference_manifest PASSED [ 57%]
tests/unit/test_manifest.py::TestManifestDiscovery::test_find_package_json_inline_manifest PASSED [ 57%]
tests/unit/test_manifest.py::TestManifestDiscovery::test_find_deno_json_inline_manifest PASSED [ 58%]
tests/unit/test_manifest.py::TestManifestDiscovery::test_native_json_takes_precedence PASSED [ 58%]
tests/unit/test_manifest.py::TestManifestDiscovery::test_find_manifest_nonexistent_path PASSED [ 58%]
tests/unit/test_manifest.py::TestManifestDiscovery::test_find_manifest_empty_directory PASSED [ 58%]
tests/unit/test_manifest.py::TestManifestDiscovery::test_reference_manifest_missing_target PASSED [ 58%]
tests/unit/test_manifest.py::TestManifestDiscovery::test_package_json_reference_manifest PASSED [ 58%]
tests/unit/test_manifest.py::TestHasManifest::test_has_manifest_with_native_json PASSED [ 58%]
tests/unit/test_manifest.py::TestHasManifest::test_has_manifest_with_pyproject_toml PASSED [ 59%]
tests/unit/test_manifest.py::TestHasManifest::test_has_manifest_empty_directory PASSED [ 59%]
tests/unit/test_manifest.py::TestHasManifest::test_has_manifest_nonexistent_path PASSED [ 59%]
tests/unit/test_manifest.py::TestHasManifest::test_has_manifest_pyproject_without_porringer PASSED [ 59%]
tests/unit/test_manifest.py::TestHasManifest::test_sync_commands_has_manifest_delegates PASSED [ 59%]
tests/unit/test_manifest.py::TestDirectoryValidationResult::test_list_directories_validate_returns_all PASSED [ 59%]
tests/unit/test_manifest.py::TestDirectoryValidationResult::test_list_directories_check_manifest PASSED [ 59%]
tests/unit/test_manifest.py::TestDirectoryValidationResult::test_list_directories_validate_missing_path PASSED [ 59%]
tests/unit/test_manifest.py::TestDirectoryValidationResult::test_list_directories_validate_no_manifest_check PASSED [ 60%]
tests/unit/test_package_filtering.py::TestIncludePackages::test_include_packages_none_preserves_all_actions PASSED [ 60%]
tests/unit/test_package_filtering.py::TestIncludePackages::test_include_packages_filters_by_name PASSED [ 60%]
tests/unit/test_package_filtering.py::TestIncludePackages::test_include_packages_case_insensitive PASSED [ 60%]
tests/unit/test_package_filtering.py::TestIncludePackages::test_include_packages_nonexistent_removes_all_package_actions PASSED [ 60%]
tests/unit/test_package_filtering.py::TestIncludePackages::test_include_packages_preserves_post_sync PASSED [ 60%]
tests/unit/test_package_filtering.py::TestIncludePackages::test_include_packages_composes_with_plugins PASSED [ 60%]
tests/unit/test_package_filtering.py::TestIncludePackages::test_include_packages_applies_in_execute_stream PASSED [ 60%]
tests/unit/test_package_ref.py::TestPackageRefConstruction::test_bare_name PASSED [ 61%]
tests/unit/test_package_ref.py::TestPackageRefConstruction::test_name_with_constraint PASSED [ 61%]
tests/unit/test_package_ref.py::TestPackageRefConstruction::test_compound_constraint PASSED [ 61%]
tests/unit/test_package_ref.py::TestPackageRefStringCoercion::test_bare_string PASSED [ 61%]
tests/unit/test_package_ref.py::TestPackageRefStringCoercion::test_string_with_version PASSED [ 61%]
tests/unit/test_package_ref.py::TestPackageRefStringCoercion::test_string_exact_version PASSED [ 61%]
tests/unit/test_package_ref.py::TestPackageRefStringCoercion::test_string_upper_bound PASSED [ 61%]
tests/unit/test_package_ref.py::TestPackageRefStringCoercion::test_string_compound PASSED [ 62%]
tests/unit/test_package_ref.py::TestPackageRefStringCoercion::test_invalid_specifier PASSED [ 62%]
tests/unit/test_package_ref.py::TestPackageRefStringCoercion::test_invalid_scoped_specifier PASSED [ 62%]
tests/unit/test_package_ref.py::TestPackageRefStringCoercion::test_preserves_name_casing PASSED [ 62%]
tests/unit/test_package_ref.py::TestPackageRefSpecifier::test_specifier_bare PASSED [ 62%]
tests/unit/test_package_ref.py::TestPackageRefSpecifier::test_specifier_with_constraint PASSED [ 62%]
tests/unit/test_package_ref.py::TestPackageRefSpecifier::test_str_matches_specifier PASSED [ 62%]
tests/unit/test_package_ref.py::TestPackageRefSpecifier::test_str_bare PASSED [ 62%]
tests/unit/test_package_ref.py::TestPackageRefRoundTrip::test_dict_round_trip PASSED [ 63%]
tests/unit/test_package_ref.py::TestPackageRefRoundTrip::test_json_round_trip PASSED [ 63%]
tests/unit/test_package_ref.py::TestPackageRefNpmStyle::test_bare_npm_name PASSED [ 63%]
tests/unit/test_package_ref.py::TestPackageRefNpmStyle::test_scoped_name PASSED [ 63%]
tests/unit/test_package_ref.py::TestPackageRefNpmStyle::test_name_at_constraint PASSED [ 63%]
tests/unit/test_package_ref.py::TestPackageRefNpmStyle::test_scoped_name_at_constraint PASSED [ 63%]
tests/unit/test_package_ref.py::TestPackageRefNpmStyle::test_scoped_name_at_latest PASSED [ 63%]
tests/unit/test_package_ref.py::TestPackageRefNpmStyle::test_name_at_latest PASSED [ 63%]
tests/unit/test_package_ref.py::TestPackageRefNpmStyle::test_pep440_still_works PASSED [ 64%]
tests/unit/test_package_ref.py::TestPackageRefNpmStyle::test_specifier_property_at_syntax PASSED [ 64%]
tests/unit/test_package_ref.py::TestPackageRefNpmStyle::test_non_pep440_name_accepted PASSED [ 64%]
tests/unit/test_package_ref.py::TestPackageRefExtras::test_extras_from_string PASSED [ 64%]
tests/unit/test_package_ref.py::TestPackageRefExtras::test_extras_with_constraint PASSED [ 64%]
tests/unit/test_package_ref.py::TestPackageRefExtras::test_single_extra PASSED [ 64%]
tests/unit/test_package_ref.py::TestPackageRefExtras::test_no_extras_default PASSED [ 64%]
tests/unit/test_package_ref.py::TestPackageRefExtras::test_no_extras_from_string PASSED [ 65%]
tests/unit/test_package_ref.py::TestPackageRefExtras::test_explicit_construction PASSED [ 65%]
tests/unit/test_package_ref.py::TestPackageRefExtras::test_specifier_with_extras PASSED [ 65%]
tests/unit/test_package_ref.py::TestPackageRefExtras::test_specifier_extras_and_constraint PASSED [ 65%]
tests/unit/test_package_ref.py::TestPackageRefExtras::test_str_includes_extras PASSED [ 65%]
tests/unit/test_package_ref.py::TestPackageRefExtras::test_extras_sorted_deterministically PASSED [ 65%]
tests/unit/test_package_ref.py::TestPackageRefExtras::test_extras_dict_round_trip PASSED [ 65%]
tests/unit/test_package_ref.py::TestPackageRefExtras::test_extras_json_round_trip PASSED [ 65%]
tests/unit/test_package_ref.py::TestPackageRefExtras::test_npm_style_no_extras PASSED [ 66%]
tests/unit/test_package_relation.py::TestPackageRelationSchema::test_package_defaults_to_no_relation PASSED [ 66%]
tests/unit/test_package_relation.py::TestPackageRelationSchema::test_package_with_injected_relation PASSED [ 66%]
tests/unit/test_package_relation.py::TestPackageRelationSchema::test_package_with_plugin_relation PASSED [ 66%]
tests/unit/test_package_relation.py::TestPackageRelationSchema::test_pydantic_round_trip PASSED [ 66%]
tests/unit/test_package_relation.py::TestPipxInjectedPackages::test_injected_packages_carry_relation PASSED [ 66%]
tests/unit/test_package_relation.py::TestPipxInjectedPackages::test_empty_venvs_dir PASSED [ 66%]
tests/unit/test_package_relation.py::TestPipxInjectedPackages::test_missing_venvs_dir PASSED [ 66%]
tests/unit/test_package_relation.py::TestPipxInjectedPackages::test_corrupt_metadata_skipped PASSED [ 67%]
tests/unit/test_package_relation.py::TestPluginManagerRelation::test_parse_plugin_list_returns_packages PASSED [ 67%]
tests/unit/test_package_relation.py::TestPluginManagerRelation::test_parse_plugin_list_empty PASSED [ 67%]
tests/unit/test_package_relation.py::TestPackageCache::test_single_call_per_installer PASSED [ 67%]
tests/unit/test_package_relation.py::TestPackageCache::test_different_installers_cached_separately PASSED [ 67%]
tests/unit/test_package_relation.py::TestPackageCache::test_invalidation_triggers_requery PASSED [ 67%]
tests/unit/test_package_relation.py::TestPackageCache::test_invalidate_all_clears_everything PASSED [ 67%]
tests/unit/test_package_relation.py::TestPackageCache::test_plugin_cache_single_call PASSED [ 68%]
tests/unit/test_package_relation.py::TestPackageCache::test_concurrent_access_serializes PASSED [ 68%]
tests/unit/test_package_relation.py::TestPresenceIgnoresRelation::test_installed_with_relation PASSED [ 68%]
tests/unit/test_package_relation.py::TestPresenceIgnoresRelation::test_installed_without_relation PASSED [ 68%]
tests/unit/test_path_sync.py::TestIdempotency::test_second_call_is_noop SKIPPED [ 68%]
tests/unit/test_path_sync.py::TestIdempotency::test_reset_allows_reread SKIPPED [ 68%]
tests/unit/test_path_sync.py::TestWindowsRegistry::test_reads_system_and_user_path PASSED [ 68%]
tests/unit/test_path_sync.py::TestWindowsRegistry::test_registry_read_merges_into_path PASSED [ 68%]
tests/unit/test_path_sync.py::TestWindowsRegistry::test_case_insensitive_dedup PASSED [ 69%]
tests/unit/test_path_sync.py::TestWindowsRegistry::test_registry_oserror_handled PASSED [ 69%]
tests/unit/test_path_sync.py::TestUnixProbe::test_only_existing_dirs_returned SKIPPED [ 69%]
tests/unit/test_path_sync.py::TestUnixProbe::test_probe_merges_into_path SKIPPED [ 69%]
tests/unit/test_path_sync.py::TestUnixProbe::test_no_duplicates SKIPPED  [ 69%]
tests/unit/test_path_sync.py::TestThreadSafety::test_concurrent_calls_safe PASSED [ 69%]
tests/unit/test_plugin_filtering.py::TestSetupParametersPlugins::test_plugins_none_preserves_all_actions PASSED [ 69%]
tests/unit/test_plugin_filtering.py::TestSetupParametersPlugins::test_plugins_filter_by_installer PASSED [ 69%]
tests/unit/test_plugin_filtering.py::TestSetupParametersPlugins::test_plugins_nonexistent_name_filters_all_package_actions PASSED [ 70%]
tests/unit/test_plugin_filtering.py::TestSetupParametersPlugins::test_plugins_filter_preserves_post_sync PASSED [ 70%]
tests/unit/test_plugin_filtering.py::TestSetupParametersPlugins::test_plugins_filter_applies_in_execute_stream PASSED [ 70%]
tests/unit/test_plugin_filtering.py::TestListPluginsKinds::test_kinds_none_returns_all PASSED [ 70%]
tests/unit/test_plugin_filtering.py::TestListPluginsKinds::test_kinds_filter_single[PluginKind.PACKAGE] PASSED [ 70%]
tests/unit/test_plugin_filtering.py::TestListPluginsKinds::test_kinds_filter_single[PluginKind.TOOL] PASSED [ 70%]
tests/unit/test_plugin_filtering.py::TestListPluginsKinds::test_kinds_filter_single[PluginKind.PROJECT] PASSED [ 70%]
tests/unit/test_plugin_filtering.py::TestListPluginsKinds::test_kinds_filter_multiple PASSED [ 71%]
tests/unit/test_plugin_filtering.py::TestListPluginsKinds::test_list_results_include_kind PASSED [ 71%]
tests/unit/test_plugin_filtering.py::TestParseManifest::test_parse_manifest_action_fields PASSED [ 71%]
tests/unit/test_plugin_manager.py::TestPluginManagerProtocol::test_pdm_isinstance_check PASSED [ 71%]
tests/unit/test_plugin_manager.py::TestPluginManagerProtocol::test_poetry_isinstance_check PASSED [ 71%]
tests/unit/test_plugin_manager.py::TestPluginAddCommand::test_pdm_plugin_add_command_bare PASSED [ 71%]
tests/unit/test_plugin_manager.py::TestPluginAddCommand::test_pdm_plugin_add_command_with_constraint PASSED [ 71%]
tests/unit/test_plugin_manager.py::TestPluginAddCommand::test_poetry_plugin_add_command_bare PASSED [ 71%]
tests/unit/test_plugin_manager.py::TestPluginAddCommand::test_poetry_plugin_add_command_with_constraint PASSED [ 72%]
tests/unit/test_plugin_manager.py::TestAsyncPluginAdd::test_async_plugin_add_success PASSED [ 72%]
tests/unit/test_plugin_manager.py::TestAsyncPluginAdd::test_async_plugin_add_failure 
-------------------------------- live log call --------------------------------
ERROR    porringer.pdm.plugin_add:plugin_manager.py:197 Error: package not found
PASSED                                                                   [ 72%]
tests/unit/test_plugin_manager.py::TestAsyncPluginAdd::test_async_plugin_add_file_not_found 
-------------------------------- live log call --------------------------------
ERROR    porringer.pdm.plugin_add:plugin_manager.py:200 pdm not found
PASSED                                                                   [ 72%]
tests/unit/test_plugin_manager.py::TestCliCommandPreview::test_native_command_when_plugin_manager_available PASSED [ 72%]
tests/unit/test_plugin_manager.py::TestCliCommandPreview::test_empty_command_when_plugin_manager_unavailable PASSED [ 72%]
tests/unit/test_plugin_manager.py::TestCliCommandPreview::test_empty_command_when_no_project_environments PASSED [ 72%]
tests/unit/test_plugin_manager.py::TestPluginAddRouting::test_routes_to_native_when_plugin_manager_available PASSED [ 72%]
tests/unit/test_plugin_manager.py::TestPluginAddRouting::test_fails_when_no_plugin_manager PASSED [ 73%]
tests/unit/test_plugin_manager.py::TestPluginListCommand::test_pdm_plugin_list_command PASSED [ 73%]
tests/unit/test_plugin_manager.py::TestPluginListCommand::test_poetry_plugin_list_command PASSED [ 73%]
tests/unit/test_plugin_manager.py::TestParsePluginList::test_pdm_parse_with_version_and_description PASSED [ 73%]
tests/unit/test_plugin_manager.py::TestParsePluginList::test_pdm_parse_multiple_plugins PASSED [ 73%]
tests/unit/test_plugin_manager.py::TestParsePluginList::test_pdm_parse_empty_output PASSED [ 73%]
tests/unit/test_plugin_manager.py::TestParsePluginList::test_poetry_parse_plugin_line PASSED [ 73%]
tests/unit/test_plugin_manager.py::TestParsePluginList::test_poetry_parse_ignores_non_plugin_lines PASSED [ 73%]
tests/unit/test_plugin_manager.py::TestInstalledPlugins::test_installed_plugins_success PASSED [ 74%]
tests/unit/test_plugin_manager.py::TestInstalledPlugins::test_installed_plugins_failure_returns_empty PASSED [ 74%]
tests/unit/test_plugin_manager.py::TestInstalledPlugins::test_installed_plugins_file_not_found PASSED [ 74%]
tests/unit/test_plugin_manager.py::TestDryRunPluginPresence::test_skips_when_plugin_installed PASSED [ 74%]
tests/unit/test_plugin_manager.py::TestDryRunPluginPresence::test_not_skipped_when_plugin_missing PASSED [ 74%]
tests/unit/test_plugin_manager.py::TestDryRunPluginPresence::test_not_skipped_when_no_plugin_manager PASSED [ 74%]
tests/unit/test_plugin_manager.py::TestDryRunPluginPresence::test_upgrade_when_plugin_installed_latest_strategy PASSED [ 74%]
tests/unit/test_plugin_manager.py::TestDryRunPluginPresence::test_install_when_plugin_missing_latest_strategy PASSED [ 75%]
tests/unit/test_plugin_manager.py::TestExecutePackagePluginPresence::test_skips_installed_plugin_on_minimal PASSED [ 75%]
tests/unit/test_plugin_manager.py::TestExecutePackagePluginPresence::test_installs_missing_plugin_on_minimal PASSED [ 75%]
tests/unit/test_plugin_manager.py::TestPluginUpdateCommand::test_pdm_plugin_update_command_bare PASSED [ 75%]
tests/unit/test_plugin_manager.py::TestPluginUpdateCommand::test_pdm_plugin_update_command_with_constraint PASSED [ 75%]
tests/unit/test_plugin_manager.py::TestPluginUpdateCommand::test_poetry_plugin_update_delegates_to_add PASSED [ 75%]
tests/unit/test_plugin_manager.py::TestPluginUpdateCommand::test_poetry_plugin_update_with_constraint PASSED [ 75%]
tests/unit/test_plugin_manager.py::TestPluginUpdateCommand::test_pdm_update_includes_pip_upgrade_flag PASSED [ 75%]
tests/unit/test_plugin_manager.py::TestAsyncPluginUpdate::test_async_plugin_update_success PASSED [ 76%]
tests/unit/test_plugin_manager.py::TestAsyncPluginUpdate::test_async_plugin_update_failure 
-------------------------------- live log call --------------------------------
ERROR    porringer.pdm.plugin_update:plugin_manager.py:226 Error: no such plugin
PASSED                                                                   [ 76%]
tests/unit/test_plugin_manager.py::TestAsyncPluginUpdate::test_async_plugin_update_file_not_found 
-------------------------------- live log call --------------------------------
ERROR    porringer.pdm.plugin_update:plugin_manager.py:229 pdm not found
PASSED                                                                   [ 76%]
tests/unit/test_plugin_manager.py::TestAsyncPluginUpdate::test_async_plugin_update_uses_update_command PASSED [ 76%]
tests/unit/test_plugin_manager.py::TestResolveOperation::test_minimal_installed_skips PASSED [ 76%]
tests/unit/test_plugin_manager.py::TestResolveOperation::test_minimal_not_installed_installs PASSED [ 76%]
tests/unit/test_plugin_manager.py::TestResolveOperation::test_latest_installed_upgrades PASSED [ 76%]
tests/unit/test_plugin_manager.py::TestResolveOperation::test_latest_not_installed_installs PASSED [ 76%]
tests/unit/test_plugin_manager.py::TestResolveOperation::test_exact_installed_upgrades PASSED [ 77%]
tests/unit/test_plugin_manager.py::TestResolveOperation::test_plugin_minimal_installed_skips PASSED [ 77%]
tests/unit/test_plugin_manager.py::TestResolveOperation::test_plugin_minimal_not_installed_installs PASSED [ 77%]
tests/unit/test_plugin_manager.py::TestResolveOperation::test_plugin_latest_installed_upgrades PASSED [ 77%]
tests/unit/test_plugin_manager.py::TestResolveOperation::test_plugin_latest_not_installed_installs PASSED [ 77%]
tests/unit/test_plugin_manager.py::TestResolveOperation::test_plugin_no_manager_defaults_to_install PASSED [ 77%]
tests/unit/test_plugin_manager.py::TestResolveOperation::test_skip_returns_installed_version PASSED [ 77%]
tests/unit/test_plugin_manager.py::TestResolveOperation::test_missing_installer_skips PASSED [ 78%]
tests/unit/test_plugin_manager.py::TestPluginUpgradeRouting::test_latest_routes_to_update PASSED [ 78%]
tests/unit/test_plugin_manager.py::TestPluginUpgradeRouting::test_latest_installs_when_not_present PASSED [ 78%]
tests/unit/test_plugin_manager.py::TestPluginUpgradeRouting::test_minimal_always_uses_add PASSED [ 78%]
tests/unit/test_plugin_manager.py::TestCliCommandUpgradePreview::test_latest_returns_update_command PASSED [ 78%]
tests/unit/test_plugin_manager.py::TestCliCommandUpgradePreview::test_minimal_returns_add_command PASSED [ 78%]
tests/unit/test_plugin_manager.py::TestCliCommandUpgradePreview::test_poetry_latest_delegates_update_to_add PASSED [ 78%]
tests/unit/test_plugin_manager.py::TestExtrasReinstall::test_minimal_extras_installed_reinstalls PASSED [ 78%]
tests/unit/test_plugin_manager.py::TestExtrasReinstall::test_minimal_no_extras_installed_skips PASSED [ 79%]
tests/unit/test_plugin_manager.py::TestExtrasReinstall::test_minimal_extras_not_installed_installs PASSED [ 79%]
tests/unit/test_plugin_manager.py::TestExtrasReinstall::test_latest_extras_at_latest_reinstalls PASSED [ 79%]
tests/unit/test_plugin_manager.py::TestExtrasReinstall::test_latest_no_extras_at_latest_skips PASSED [ 79%]
tests/unit/test_plugin_manager.py::TestExtrasReinstall::test_plugin_minimal_extras_reinstalls PASSED [ 79%]
tests/unit/test_plugin_manager.py::TestExtrasReinstall::test_execute_reinstall_calls_plugin_add PASSED [ 79%]
tests/unit/test_presence_detection.py::TestIsPackageInstalledEdgeCases::test_empty_installed_list_returns_false PASSED [ 79%]
tests/unit/test_presence_detection.py::TestIsPackageInstalledEdgeCases::test_package_present_in_list_returns_true PASSED [ 79%]
tests/unit/test_presence_detection.py::TestIsPackageInstalledEdgeCases::test_case_insensitive_pep440_match PASSED [ 80%]
tests/unit/test_presence_detection.py::TestIsPackageInstalledEdgeCases::test_runtime_prefix_matching PASSED [ 80%]
tests/unit/test_presence_detection.py::TestPipPackagesSubprocessFailure::test_packages_returns_empty_when_pip_fails PASSED [ 80%]
tests/unit/test_presence_detection.py::TestPipPackagesSubprocessFailure::test_packages_returns_empty_when_binary_not_found 
-------------------------------- live log call --------------------------------
WARNING  porringer.pip.packages:plugin.py:460 Python not found on PATH; cannot list pip packages
PASSED                                                                   [ 80%]
tests/unit/test_presence_detection.py::TestPipPackagesSubprocessFailure::test_packages_returns_list_when_pip_succeeds PASSED [ 80%]
tests/unit/test_project_directory.py::TestProjectDirectorySkip::test_false_skips_project_sync_not_post_sync PASSED [ 80%]
tests/unit/test_project_directory.py::TestProjectDirectorySkip::test_false_keeps_package_actions PASSED [ 80%]
tests/unit/test_project_directory.py::TestProjectDirectorySkip::test_none_runs_post_sync PASSED [ 81%]
tests/unit/test_project_directory.py::TestBatchSetupResultsSkips::test_skips_returns_only_skipped PASSED [ 81%]
tests/unit/test_project_directory.py::TestBatchSetupResultsSkips::test_skips_empty_when_none_skipped PASSED [ 81%]
tests/unit/test_project_directory.py::TestBatchSetupResultsSkips::test_skips_carries_action_metadata PASSED [ 81%]
tests/unit/test_project_directory.py::TestBatchSetupResultsSkips::test_success_true_when_only_skips PASSED [ 81%]
tests/unit/test_project_directory.py::TestBatchSetupResultsSkips::test_total_succeeded_excludes_skipped PASSED [ 81%]
tests/unit/test_project_root.py::TestProjectMarker::test_python_marker PASSED [ 81%]
tests/unit/test_project_root.py::TestProjectMarker::test_node_marker PASSED [ 81%]
tests/unit/test_project_root.py::TestProjectMarker::test_deno_marker PASSED [ 82%]
tests/unit/test_project_root.py::TestProjectMarker::test_unknown_ecosystem_returns_none PASSED [ 82%]
tests/unit/test_project_root.py::TestProjectMarker::test_all_known_ecosystems_covered PASSED [ 82%]
tests/unit/test_project_root.py::TestResolveProjectRoot::test_marker_at_search_dir PASSED [ 82%]
tests/unit/test_project_root.py::TestResolveProjectRoot::test_marker_in_parent PASSED [ 82%]
tests/unit/test_project_root.py::TestResolveProjectRoot::test_marker_two_levels_up PASSED [ 82%]
tests/unit/test_project_root.py::TestResolveProjectRoot::test_no_marker_returns_none PASSED [ 82%]
tests/unit/test_project_root.py::TestResolveProjectRoot::test_boundary_limits_search PASSED [ 82%]
tests/unit/test_project_root.py::TestResolveProjectRoot::test_boundary_inclusive PASSED [ 83%]
tests/unit/test_project_root.py::TestResolveProjectRoot::test_node_marker_package_json PASSED [ 83%]
tests/unit/test_project_root.py::TestResolveProjectRoot::test_deno_marker_deno_json PASSED [ 83%]
tests/unit/test_project_root.py::TestResolveProjectRoot::test_unknown_ecosystem_returns_none PASSED [ 83%]
tests/unit/test_project_root.py::TestResolveProjectRoot::test_closest_marker_wins PASSED [ 83%]
tests/unit/test_project_root.py::TestResolveProjectRoot::test_different_ecosystems_find_different_roots PASSED [ 83%]
tests/unit/test_runtime_context_seeding.py::TestRuntimeContextSeeding::test_execute_state_seeds_from_plugins_runtime_context PASSED [ 83%]
tests/unit/test_runtime_context_seeding.py::TestRuntimeContextSeeding::test_seeded_runtime_context_is_independent_copy PASSED [ 84%]
tests/unit/test_runtime_context_seeding.py::TestRuntimeContextSeeding::test_propagate_runtime_overrides_seeded_context PASSED [ 84%]
tests/unit/test_runtime_context_seeding.py::TestRuntimeContextSeeding::test_resolution_context_uses_seeded_runtime PASSED [ 84%]
tests/unit/test_runtime_context_seeding.py::TestRuntimeContextSeeding::test_no_runtime_actions_still_uses_seeded_context PASSED [ 84%]
tests/unit/test_runtime_context_seeding.py::TestRuntimeContextSeeding::test_no_plugins_runtime_context_leaves_state_empty PASSED [ 84%]
tests/unit/test_runtime_context_seeding.py::TestRuntimeContextSeeding::test_python_command_uses_seeded_runtime PASSED [ 84%]
tests/unit/test_runtime_propagation.py::TestRuntimePropagationAfterPluginRefresh::test_refresh_all_plugins_re_propagates_runtime PASSED [ 84%]
tests/unit/test_runtime_propagation.py::TestRuntimePropagationAfterPluginRefresh::test_refresh_all_plugins_noop_without_runtime PASSED [ 84%]
tests/unit/test_runtime_propagation.py::TestRuntimePropagationAfterPluginRefresh::test_refresh_all_plugins_re_propagates_to_project_environments PASSED [ 85%]
tests/unit/test_runtime_propagation.py::TestRuntimePropagationAfterPluginRefresh::test_non_matching_runtime_kind_not_propagated PASSED [ 85%]
tests/unit/test_runtime_propagation.py::TestCacheMutationRegression::test_shared_plugin_instance_not_mutated PASSED [ 85%]
tests/unit/test_runtime_propagation.py::TestCacheMutationRegression::test_second_state_with_same_plugins_gets_clean_context PASSED [ 85%]
tests/unit/test_runtime_propagation.py::TestCacheMutationRegression::test_python_command_isolation_between_states PASSED [ 85%]
tests/unit/test_runtime_propagation.py::TestPackagePhaseNoProjectPath::test_python_command_uses_global_without_project_path PASSED [ 85%]
tests/unit/test_runtime_propagation.py::TestPackagePhaseNoProjectPath::test_venv_discovered_only_with_project_path PASSED [ 85%]
tests/unit/test_runtime_propagation.py::TestPackagePhaseNoProjectPath::test_package_and_tool_phases_no_project_path PASSED [ 85%]
tests/unit/test_runtime_updates.py::TestCheckUpdatesByRuntime::test_returns_results_per_runtime PASSED [ 86%]
tests/unit/test_runtime_updates.py::TestCheckUpdatesByRuntime::test_skips_non_consumer_plugins PASSED [ 86%]
tests/unit/test_runtime_updates.py::TestCheckUpdatesByRuntime::test_empty_runtimes_returns_empty PASSED [ 86%]
tests/unit/test_runtime_updates.py::TestCheckUpdatesByRuntime::test_unavailable_runtime_excluded PASSED [ 86%]
tests/unit/test_runtime_updates.py::TestCheckUpdatesByRuntime::test_plugin_filter_respected PASSED [ 86%]
tests/unit/test_runtime_updates.py::TestCheckUpdatesByRuntime::test_error_captured_in_check_result 
-------------------------------- live log call --------------------------------
WARNING  porringer.backend.command.package:package.py:686 Failed to check updates for pip on runtime 3.14: network down
PASSED                                                                   [ 86%]
tests/unit/test_runtime_updates.py::TestResolveRuntimeTagOverride::test_resolves_known_tag PASSED [ 86%]
tests/unit/test_runtime_updates.py::TestResolveRuntimeTagOverride::test_unresolvable_tag_returns_none PASSED [ 86%]
tests/unit/test_runtime_updates.py::TestResolveRuntimeTagOverride::test_no_matching_provider_returns_none PASSED [ 87%]
tests/unit/test_runtime_updates.py::TestResolveRuntimeTagOverride::test_none_ecosystem_returns_none PASSED [ 87%]
tests/unit/test_runtime_updates.py::TestResolveRuntimeTagOverride::test_non_provider_environment_skipped PASSED [ 87%]
tests/unit/test_runtime_updates.py::TestExecutePackageRuntimeTag::test_runtime_tag_overrides_context PASSED [ 87%]
tests/unit/test_runtime_updates.py::TestExecutePackageRuntimeTag::test_runtime_tag_unresolvable_fails PASSED [ 87%]
tests/unit/test_runtime_updates.py::TestExecutePackageRuntimeTag::test_no_runtime_tag_uses_default_context PASSED [ 87%]
tests/unit/test_sub_action_progress.py::TestSubActionProgress::test_basic_construction PASSED [ 87%]
tests/unit/test_sub_action_progress.py::TestProgressEvent::test_action_started PASSED [ 88%]
tests/unit/test_sub_action_progress.py::TestProgressEvent::test_action_completed PASSED [ 88%]
tests/unit/test_sub_action_progress.py::TestProgressEvent::test_sub_action_progress PASSED [ 88%]
tests/unit/test_sub_action_progress.py::TestPackageParametersProgressCallback::test_accepts_callback PASSED [ 88%]
tests/unit/test_sub_action_progress.py::TestPackageParametersProgressCallback::test_callback_excluded_from_serialization PASSED [ 88%]
tests/unit/test_sub_action_progress.py::TestPipProgressLineParsing::test_downloading_line PASSED [ 88%]
tests/unit/test_sub_action_progress.py::TestPipProgressLineParsing::test_progress_percentage_line PASSED [ 88%]
tests/unit/test_sub_action_progress.py::TestPipProgressLineParsing::test_installing_line PASSED [ 88%]
tests/unit/test_sub_action_progress.py::TestPipProgressLineParsing::test_already_satisfied_line PASSED [ 89%]
tests/unit/test_sub_action_progress.py::TestPipProgressLineParsing::test_irrelevant_line_is_ignored PASSED [ 89%]
tests/unit/test_sub_action_progress.py::TestPipProgressLineParsing::test_full_progress_sequence PASSED [ 89%]
tests/unit/test_sub_action_progress.py::TestExecuteStream::test_stream_yields_events PASSED [ 89%]
tests/unit/test_sub_action_progress.py::TestExecuteStream::test_stream_cancellation PASSED [ 89%]
tests/unit/test_uninstall.py::TestMockPluginManagerRemove::test_plugin_remove_command_returns_list PASSED [ 89%]
tests/unit/test_uninstall.py::TestMockPluginManagerRemove::test_async_plugin_remove_records_operation PASSED [ 89%]
tests/unit/test_uninstall.py::TestResolveUninstallOperation::test_installed_package_returns_uninstall PASSED [ 89%]
tests/unit/test_uninstall.py::TestResolveUninstallOperation::test_not_installed_package_returns_skip PASSED [ 90%]
tests/unit/test_uninstall.py::TestResolveUninstallOperation::test_missing_installer_returns_skip PASSED [ 90%]
tests/unit/test_uninstall.py::TestResolveUninstallOperation::test_unavailable_installer_returns_skip PASSED [ 90%]
tests/unit/test_uninstall.py::TestResolveUninstallOperation::test_plugin_target_installed_returns_uninstall PASSED [ 90%]
tests/unit/test_uninstall.py::TestResolveUninstallOperation::test_plugin_target_not_installed_returns_skip PASSED [ 90%]
tests/unit/test_uninstall.py::TestResolveUninstallOperation::test_plugin_target_no_manager_returns_skip PASSED [ 90%]
tests/unit/test_uninstall.py::TestResolveUninstallOperation::test_resolved_to_result_for_skip PASSED [ 90%]
tests/unit/test_uninstall.py::TestExecuteUninstall::test_uninstalls_installed_package PASSED [ 91%]
tests/unit/test_uninstall.py::TestExecuteUninstall::test_skips_not_installed_package PASSED [ 91%]
tests/unit/test_uninstall.py::TestExecuteUninstall::test_fails_when_installer_missing PASSED [ 91%]
tests/unit/test_uninstall.py::TestExecuteUninstall::test_skips_when_installer_not_available PASSED [ 91%]
tests/unit/test_uninstall.py::TestExecuteUninstall::test_plugin_target_routes_to_plugin_remove PASSED [ 91%]
tests/unit/test_uninstall.py::TestExecuteUninstall::test_plugin_target_skips_when_not_installed PASSED [ 91%]
tests/unit/test_uninstall.py::TestUninstallCliCommand::test_returns_environment_uninstall_command PASSED [ 91%]
tests/unit/test_uninstall.py::TestUninstallCliCommand::test_returns_empty_for_unknown_installer PASSED [ 91%]
tests/unit/test_uninstall.py::TestUninstallCliCommand::test_plugin_target_returns_remove_command PASSED [ 92%]
tests/unit/test_uninstall.py::TestUninstallCliCommand::test_returns_empty_for_project_kind PASSED [ 92%]
tests/unit/test_uninstall.py::TestUninstallAutoResolveRuntimeContext::test_auto_resolves_when_none PASSED [ 92%]
tests/unit/test_uninstall.py::TestUninstallAutoResolveRuntimeContext::test_explicit_context_skips_auto_resolve PASSED [ 92%]
tests/unit/test_uninstall.py::TestUninstallAutoResolveRuntimeContext::test_empty_managed_but_resolvable_tags PASSED [ 92%]
tests/unit/test_update_detection.py::TestIsPackageInstalledReturnsTuple3::test_installed_returns_matched_package PASSED [ 92%]
tests/unit/test_update_detection.py::TestIsPackageInstalledReturnsTuple3::test_not_installed_returns_none PASSED [ 92%]
tests/unit/test_update_detection.py::TestCheckForNewerVersion::test_returns_newer_version PASSED [ 92%]
tests/unit/test_update_detection.py::TestCheckForNewerVersion::test_returns_none_when_up_to_date PASSED [ 93%]
tests/unit/test_update_detection.py::TestCheckForNewerVersion::test_returns_none_when_plugin_has_no_updates PASSED [ 93%]
tests/unit/test_update_detection.py::TestCheckForNewerVersion::test_raises_when_plugin_raises PASSED [ 93%]
tests/unit/test_update_detection.py::TestCheckForNewerVersion::test_forwards_include_prereleases PASSED [ 93%]
tests/unit/test_update_detection.py::TestCheckForNewerVersion::test_returns_newer_prerelease PASSED [ 93%]
tests/unit/test_update_detection.py::TestCheckForNewerVersion::test_rejects_prerelease_when_not_opted_in PASSED [ 93%]
tests/unit/test_update_detection.py::TestCheckForNewerVersion::test_accepts_stable_when_not_opted_in PASSED [ 93%]
tests/unit/test_update_detection.py::TestCheckForNewerVersion::test_rejects_devrelease_when_not_opted_in PASSED [ 94%]
tests/unit/test_update_detection.py::TestCheckForNewerVersion::test_forwards_runtime_context PASSED [ 94%]
tests/unit/test_update_detection.py::TestCheckForNewerVersion::test_none_runtime_context_by_default PASSED [ 94%]
tests/unit/test_update_detection.py::TestDryRunUpdateAvailable::test_update_available_when_check_enabled PASSED [ 94%]
tests/unit/test_update_detection.py::TestDryRunUpdateAvailable::test_already_installed_when_no_update PASSED [ 94%]
tests/unit/test_update_detection.py::TestDryRunUpdateAvailable::test_always_checks_for_updates PASSED [ 94%]
tests/unit/test_update_detection.py::TestDryRunUpdateAvailable::test_already_installed_when_no_parameters PASSED [ 94%]
tests/unit/test_update_detection.py::TestDryRunUpdateAvailable::test_plugin_no_op_check_updates_falls_back PASSED [ 94%]
tests/unit/test_update_detection.py::TestDryRunUpdateAvailable::test_per_action_prereleases_forwarded PASSED [ 95%]
tests/unit/test_update_detection.py::TestLatestStrategySkip::test_latest_skips_when_at_latest PASSED [ 95%]
tests/unit/test_update_detection.py::TestLatestStrategySkip::test_latest_upgrades_when_newer_available PASSED [ 95%]
tests/unit/test_update_detection.py::TestLatestStrategySkip::test_latest_installs_when_not_present PASSED [ 95%]
tests/unit/test_update_detection.py::TestLatestStrategySkip::test_latest_falls_back_to_upgrade_on_check_error PASSED [ 95%]
tests/unit/test_update_detection.py::TestLatestStrategySkip::test_latest_skip_has_no_available_version PASSED [ 95%]
tests/unit/test_update_detection.py::TestLatestStrategySkip::test_latest_plugin_target_skips_when_at_latest PASSED [ 95%]
tests/unit/test_update_detection.py::TestLatestStrategySkip::test_latest_plugin_target_upgrades_when_newer PASSED [ 95%]
tests/unit/test_update_detection.py::TestExactStrategySkip::test_exact_skips_when_at_latest PASSED [ 96%]
tests/unit/test_update_detection.py::TestExactStrategySkip::test_exact_upgrades_when_newer PASSED [ 96%]
tests/unit/test_update_detection.py::TestDryRunActionDispatch::test_parameters_threaded_to_package_action PASSED [ 96%]
tests/unit/test_update_detection.py::TestDryRunActionDispatch::test_project_action_ignores_parameters PASSED [ 96%]
tests/unit/test_update_detection.py::TestPluginTargetUpdateDetection::test_plugin_update_available PASSED [ 96%]
tests/unit/test_update_detection.py::TestPluginTargetUpdateDetection::test_plugin_no_update PASSED [ 96%]
tests/unit/test_update_detection.py::TestPluginTargetUpdateDetection::test_plugin_always_checks_for_updates PASSED [ 96%]
tests/unit/test_update_detection.py::TestPluginTargetUpdateDetection::test_plugin_per_package_prereleases PASSED [ 97%]
tests/unit/test_update_detection.py::TestPrereleasePackagesOverride::test_override_sets_include_prereleases PASSED [ 97%]
tests/unit/test_update_detection.py::TestPrereleasePackagesOverride::test_override_case_insensitive PASSED [ 97%]
tests/unit/test_update_detection.py::TestPrereleasePackagesOverride::test_no_override_when_not_in_set PASSED [ 97%]
tests/unit/test_update_detection.py::TestPrereleasePackagesOverride::test_override_threaded_to_check_for_newer_version PASSED [ 97%]
tests/unit/test_update_detection.py::TestPluginSpec::test_string_shorthand PASSED [ 97%]
tests/unit/test_update_detection.py::TestPluginSpec::test_object_form_with_prereleases PASSED [ 97%]
tests/unit/test_update_detection.py::TestPluginSpec::test_object_form_with_constraint PASSED [ 97%]
tests/unit/test_update_detection.py::TestPluginSpec::test_package_spec_plugins_accepts_mixed PASSED [ 98%]
tests/unit/test_update_detection.py::TestPluginSpec::test_plugin_prereleases_independent_of_parent PASSED [ 98%]
tests/unit/test_update_detection.py::TestPluginSpec::test_action_builder_uses_plugin_prereleases PASSED [ 98%]
tests/unit/test_update_detection.py::TestUpgradeVersionFields::test_latest_upgrade_has_version_fields PASSED [ 98%]
tests/unit/test_update_detection.py::TestUpgradeVersionFields::test_exact_upgrade_has_version_fields PASSED [ 98%]
tests/unit/test_update_detection.py::TestUpgradeVersionFields::test_ensure_extras_has_installed_version PASSED [ 98%]
tests/unit/test_upgrade.py::TestExecutePackageUpgrade::test_upgrades_installed_package PASSED [ 98%]
tests/unit/test_upgrade.py::TestExecutePackageUpgrade::test_installs_missing_package PASSED [ 98%]
tests/unit/test_upgrade.py::TestExecutePackageUpgrade::test_fails_when_installer_missing PASSED [ 99%]
tests/unit/test_upgrade.py::TestExecutePackageUpgrade::test_runtime_tag_flows_through PASSED [ 99%]
tests/unit/test_upgrade.py::TestUpgradePluginValidation::test_unknown_plugin_returns_error 
-------------------------------- live log call --------------------------------
WARNING  porringer.backend.command.package:package.py:102 Plugin 'nonexistent' is not available for upgrade of 'requests'
PASSED                                                                   [ 99%]
tests/unit/test_upgrade.py::TestUpgradeDryRun::test_dry_run_installed_package PASSED [ 99%]
tests/unit/test_upgrade.py::TestUpgradeDryRun::test_dry_run_missing_package PASSED [ 99%]
tests/unit/test_upgrade.py::TestUpgradeAutoResolveRuntimeContext::test_auto_resolves_when_none PASSED [ 99%]
tests/unit/test_upgrade.py::TestUpgradeAutoResolveRuntimeContext::test_explicit_context_skips_auto_resolve PASSED [ 99%]
tests/unit/test_upgrade.py::TestUpgradeRuntimeTag::test_runtime_tag_set_on_action PASSED [100%]

============================== warnings summary ===============================
tests/unit/test_frozen_presence_resolution.py::TestPathFallbackFrozenResolution::test_frozen_path_fallback_marks_installed_with_version
  C:\Users\asher\AppData\Local\Python\pythoncore-3.14-64\Lib\unittest\mock.py:2252: RuntimeWarning: coroutine 'AsyncMockMixin._execute_mock_call' was never awaited
    def __init__(self, name, parent):
  Enable tracemalloc to get traceback where the object was allocated.
  See https://docs.pytest.org/en/stable/how-to/capture-warnings.html#resource-warnings for more info.

-- Docs: https://docs.pytest.org/en/stable/how-to/capture-warnings.html
================= 763 passed, 6 skipped, 1 warning in 31.05s ==================
